Component: ARM Compiler 5.06 update 7 (build 960) Tool: armlink [4d3601]

==============================================================================

Section Cross References

    startup_stm32f103xb.o(RESET) refers to startup_stm32f103xb.o(STACK) for __initial_sp
    startup_stm32f103xb.o(RESET) refers to startup_stm32f103xb.o(.text) for Reset_Handler
    startup_stm32f103xb.o(RESET) refers to stm32f1xx_it.o(i.NMI_Handler) for NMI_Handler
    startup_stm32f103xb.o(RESET) refers to stm32f1xx_it.o(i.HardFault_Handler) for HardFault_Handler
    startup_stm32f103xb.o(RESET) refers to stm32f1xx_it.o(i.MemManage_Handler) for MemManage_Handler
    startup_stm32f103xb.o(RESET) refers to stm32f1xx_it.o(i.BusFault_Handler) for BusFault_Handler
    startup_stm32f103xb.o(RESET) refers to stm32f1xx_it.o(i.UsageFault_Handler) for UsageFault_Handler
    startup_stm32f103xb.o(RESET) refers to stm32f1xx_it.o(i.SVC_Handler) for SVC_Handler
    startup_stm32f103xb.o(RESET) refers to stm32f1xx_it.o(i.DebugMon_Handler) for DebugMon_Handler
    startup_stm32f103xb.o(RESET) refers to stm32f1xx_it.o(i.PendSV_Handler) for PendSV_Handler
    startup_stm32f103xb.o(RESET) refers to stm32f1xx_it.o(i.SysTick_Handler) for SysTick_Handler
    startup_stm32f103xb.o(RESET) refers to stm32f1xx_it.o(i.DMA1_Channel1_IRQHandler) for DMA1_Channel1_IRQHandler
    startup_stm32f103xb.o(RESET) refers to stm32f1xx_it.o(i.DMA1_Channel6_IRQHandler) for DMA1_Channel6_IRQHandler
    startup_stm32f103xb.o(RESET) refers to stm32f1xx_it.o(i.ADC1_2_IRQHandler) for ADC1_2_IRQHandler
    startup_stm32f103xb.o(RESET) refers to stm32f1xx_it.o(i.USART1_IRQHandler) for USART1_IRQHandler
    startup_stm32f103xb.o(RESET) refers to stm32f1xx_it.o(i.USART3_IRQHandler) for USART3_IRQHandler
    startup_stm32f103xb.o(.text) refers to system_stm32f1xx.o(i.SystemInit) for SystemInit
    startup_stm32f103xb.o(.text) refers to entry.o(.ARM.Collect$$$$00000000) for __main
    main.o(i.SystemClock_Config) refers to memseta.o(.text) for __aeabi_memclr4
    main.o(i.SystemClock_Config) refers to stm32f1xx_hal_rcc.o(i.HAL_RCC_OscConfig) for HAL_RCC_OscConfig
    main.o(i.SystemClock_Config) refers to stm32f1xx_hal_rcc.o(i.HAL_RCC_ClockConfig) for HAL_RCC_ClockConfig
    main.o(i.SystemClock_Config) refers to stm32f1xx_hal_rcc_ex.o(i.HAL_RCCEx_PeriphCLKConfig) for HAL_RCCEx_PeriphCLKConfig
    main.o(i.main) refers to stm32f1xx_hal.o(i.HAL_Init) for HAL_Init
    main.o(i.main) refers to main.o(i.SystemClock_Config) for SystemClock_Config
    main.o(i.main) refers to gpio.o(i.MX_GPIO_Init) for MX_GPIO_Init
    main.o(i.main) refers to dma.o(i.MX_DMA_Init) for MX_DMA_Init
    main.o(i.main) refers to usart.o(i.MX_USART1_UART_Init) for MX_USART1_UART_Init
    main.o(i.main) refers to adc.o(i.MX_ADC1_Init) for MX_ADC1_Init
    main.o(i.main) refers to tim.o(i.MX_TIM1_Init) for MX_TIM1_Init
    main.o(i.main) refers to i2c.o(i.MX_I2C1_Init) for MX_I2C1_Init
    main.o(i.main) refers to usart.o(i.MX_USART2_UART_Init) for MX_USART2_UART_Init
    main.o(i.main) refers to usart.o(i.MX_USART3_UART_Init) for MX_USART3_UART_Init
    main.o(i.main) refers to stm32f1xx_hal_adc.o(i.HAL_ADC_Start_DMA) for HAL_ADC_Start_DMA
    main.o(i.main) refers to esp01s.o(i.esp_init) for esp_init
    main.o(i.main) refers to dht11.o(i.DHT11_Init) for DHT11_Init
    main.o(i.main) refers to mpu6050.o(i.MPU_Init) for MPU_Init
    main.o(i.main) refers to inv_mpu.o(i.mpu_dmp_init) for mpu_dmp_init
    main.o(i.main) refers to max30102.o(i.MAX30102_Init) for MAX30102_Init
    main.o(i.main) refers to scheduler.o(i.scheduler_init) for scheduler_init
    main.o(i.main) refers to scheduler.o(i.scheduler_run) for scheduler_run
    main.o(i.main) refers to mq2.o(.bss) for dma_buff
    main.o(i.main) refers to adc.o(.bss) for hadc1
    gpio.o(i.MX_GPIO_Init) refers to stm32f1xx_hal_gpio.o(i.HAL_GPIO_WritePin) for HAL_GPIO_WritePin
    gpio.o(i.MX_GPIO_Init) refers to stm32f1xx_hal_gpio.o(i.HAL_GPIO_Init) for HAL_GPIO_Init
    adc.o(i.HAL_ADC_MspDeInit) refers to stm32f1xx_hal_gpio.o(i.HAL_GPIO_DeInit) for HAL_GPIO_DeInit
    adc.o(i.HAL_ADC_MspDeInit) refers to stm32f1xx_hal_dma.o(i.HAL_DMA_DeInit) for HAL_DMA_DeInit
    adc.o(i.HAL_ADC_MspDeInit) refers to stm32f1xx_hal_cortex.o(i.HAL_NVIC_DisableIRQ) for HAL_NVIC_DisableIRQ
    adc.o(i.HAL_ADC_MspInit) refers to stm32f1xx_hal_gpio.o(i.HAL_GPIO_Init) for HAL_GPIO_Init
    adc.o(i.HAL_ADC_MspInit) refers to stm32f1xx_hal_dma.o(i.HAL_DMA_Init) for HAL_DMA_Init
    adc.o(i.HAL_ADC_MspInit) refers to main.o(i.Error_Handler) for Error_Handler
    adc.o(i.HAL_ADC_MspInit) refers to stm32f1xx_hal_cortex.o(i.HAL_NVIC_SetPriority) for HAL_NVIC_SetPriority
    adc.o(i.HAL_ADC_MspInit) refers to stm32f1xx_hal_cortex.o(i.HAL_NVIC_EnableIRQ) for HAL_NVIC_EnableIRQ
    adc.o(i.HAL_ADC_MspInit) refers to adc.o(.bss) for .bss
    adc.o(i.MX_ADC1_Init) refers to stm32f1xx_hal_adc.o(i.HAL_ADC_Init) for HAL_ADC_Init
[...]
    an_dx                                    0x20001450   Data        1984  algorithm.o(.bss)
    an_x                                     0x20001c10   Data        2000  algorithm.o(.bss)
    an_y                                     0x200023e0   Data        2000  algorithm.o(.bss)
    .bss                                     0x20002bb0   Section      589  atgm336h.o(.bss)
    .bss                                     0x20002dfd   Section      256  esp01s.o(.bss)
    send_buf                                 0x20002dfd   Data         256  esp01s.o(.bss)
    STACK                                    0x20002f00   Section     1024  startup_stm32f103xb.o(STACK)

    Global Symbols

    Symbol Name                              Value     Ov Type        Size  Object(Section)

    BuildAttributes$$THM_ISAv4$P$D$K$B$S$PE$A:L22UL41UL21$X:L11$S22US41US21$IEEE1$IW$USESV6$~STKCKD$USESV7$~SHL$OTIME$ROPI$IEEEX$EBA8$MICROLIB$REQ8$PRES8$EABIv2 0x00000000   Number         0  anon$$obj.o ABSOLUTE
    __ARM_use_no_argv                        0x00000000   Number         0  main.o ABSOLUTE
    _printf_a                                0x00000000   Number         0  stubs.o ABSOLUTE
    _printf_c                                0x00000000   Number         0  stubs.o ABSOLUTE
    _printf_charcount                        0x00000000   Number         0  stubs.o ABSOLUTE
    _printf_d                                0x00000000   Number         0  stubs.o ABSOLUTE
    _printf_e                                0x00000000   Number         0  stubs.o ABSOLUTE
    _printf_f                                0x00000000   Number         0  stubs.o ABSOLUTE
    _printf_flags                            0x00000000   Number         0  stubs.o ABSOLUTE
    _printf_fp_dec                           0x00000000   Number         0  stubs.o ABSOLUTE
    _printf_fp_hex                           0x00000000   Number         0  stubs.o ABSOLUTE
    _printf_g                                0x00000000   Number         0  stubs.o ABSOLUTE
    _printf_i                                0x00000000   Number         0  stubs.o ABSOLUTE
    _printf_int_dec                          0x00000000   Number         0  stubs.o ABSOLUTE
    _printf_l                                0x00000000   Number         0  stubs.o ABSOLUTE
    _printf_lc                               0x00000000   Number         0  stubs.o ABSOLUTE
    _printf_ll                               0x00000000   Number         0  stubs.o ABSOLUTE
    _printf_lld                              0x00000000   Number         0  stubs.o ABSOLUTE
    _printf_lli                              0x00000000   Number         0  stubs.o ABSOLUTE
    _printf_llo                              0x00000000   Number         0  stubs.o ABSOLUTE
    _printf_llu                              0x00000000   Number         0  stubs.o ABSOLUTE
    _printf_llx                              0x00000000   Number         0  stubs.o ABSOLUTE
    _printf_longlong_dec                     0x00000000   Number         0  stubs.o ABSOLUTE
    _printf_longlong_hex                     0x00000000   Number         0  stubs.o ABSOLUTE
    _printf_longlong_oct                     0x00000000   Number         0  stubs.o ABSOLUTE
    _printf_ls                               0x00000000   Number         0  stubs.o ABSOLUTE
    _printf_mbtowc                           0x00000000   Number         0  stubs.o ABSOLUTE
    _printf_n                                0x00000000   Number         0  stubs.o ABSOLUTE
    _printf_o                                0x00000000   Number         0  stubs.o ABSOLUTE
    _printf_p                                0x00000000   Number         0  stubs.o ABSOLUTE
    _printf_percent                          0x00000000   Number         0  stubs.o ABSOLUTE
    _printf_pre_padding                      0x00000000   Number         0  stubs.o ABSOLUTE
    _printf_return_value                     0x00000000   Number         0  stubs.o ABSOLUTE
    _printf_s                                0x00000000   Number         0  stubs.o ABSOLUTE
    _printf_sizespec                         0x00000000   Number         0  stubs.o ABSOLUTE
    _printf_str                              0x00000000   Number         0  stubs.o ABSOLUTE
    _printf_truncate_signed                  0x00000000   Number         0  stubs.o ABSOLUTE
    _printf_truncate_unsigned                0x00000000   Number         0  stubs.o ABSOLUTE
    _printf_u                                0x00000000   Number         0  stubs.o ABSOLUTE
    _printf_wc                               0x00000000   Number         0  stubs.o ABSOLUTE
    _printf_wctomb                           0x00000000   Number         0  stubs.o ABSOLUTE
    _printf_widthprec                        0x00000000   Number         0  stubs.o ABSOLUTE
    _printf_x                                0x00000000   Number         0  stubs.o ABSOLUTE
    __arm_fini_                               - Undefined Weak Reference
    __cpp_initialize__aeabi_                  - Undefined Weak Reference
    __cxa_finalize                            - Undefined Weak Reference
    _clock_init                               - Undefined Weak Reference
    _microlib_exit                            - Undefined Weak Reference
    __Vectors_Size                           0x000000ec   Number         0  startup_stm32f103xb.o ABSOLUTE
    __Vectors                                0x08000000   Data           4  startup_stm32f103xb.o(RESET)
    __Vectors_End                            0x080000ec   Data           0  startup_stm32f103xb.o(RESET)
    __main                                   0x080000ed   Thumb Code     0  entry.o(.ARM.Collect$$$$00000000)
    _main_stk                                0x080000ed   Thumb Code     0  entry2.o(.ARM.Collect$$$$00000001)
    _main_scatterload                        0x080000f1   Thumb Code     0  entry5.o(.ARM.Collect$$$$00000004)
    __main_after_scatterload                 0x080000f5   Thumb Code     0  entry5.o(.ARM.Collect$$$$00000004)
    _main_clock                              0x080000f5   Thumb Code     0  entry7b.o(.ARM.Collect$$$$00000008)
    _main_cpp_init                           0x080000f5   Thumb Code     0  entry8b.o(.ARM.Collect$$$$0000000A)
    _main_init                               0x080000f5   Thumb Code     0  entry9a.o(.ARM.Collect$$$$0000000B)
    __rt_lib_shutdown_fini                   0x080000fd   Thumb Code     0  entry12b.o(.ARM.Collect$$$$0000000E)
    __rt_final_cpp                           0x08000101   Thumb Code     0  entry10a.o(.ARM.Collect$$$$0000000F)
    __rt_final_exit                          0x08000101   Thumb Code     0  entry11a.o(.ARM.Collect$$$$00000011)
    Reset_Handler                            0x08000105   Thumb Code     8  startup_stm32f103xb.o(.text)
    CAN1_RX1_IRQHandler                      0x0800011f   Thumb Code     0  startup_stm32f103xb.o(.text)
    CAN1_SCE_IRQHandler                      0x0800011f   Thumb Code     0  startup_stm32f103xb.o(.text)
    DMA1_Channel2_IRQHandler                 0x0800011f   Thumb Code     0  startup_stm32f103xb.o(.text)
    DMA1_Channel3_IRQHandler                 0x0800011f   Thumb Code     0  startup_stm32f103xb.o(.text)
    DMA1_Channel4_IRQHandler                 0x0800011f   Thumb Code     0  startup_stm32f103xb.o(.text)
    DMA1_Channel5_IRQHandler                 0x0800011f   Thumb Code     0  startup_stm32f103xb.o(.text)
    DMA1_Channel7_IRQHandler                 0x0800011f   Thumb Code     0  startup_stm32f103xb.o(.text)
    EXTI0_IRQHandler                         0x0800011f   Thumb Code     0  startup_stm32f103xb.o(.text)
    EXTI15_10_IRQHandler                     0x0800011f   Thumb Code     0  startup_stm32f103xb.o(.text)
    EXTI1_IRQHandler                         0x0800011f   Thumb Code     0  startup_stm32f103xb.o(.text)
    EXTI2_IRQHandler                         0x0800011f   Thumb Code     0  startup_stm32f103xb.o(.text)
    EXTI3_IRQHandler                         0x0800011f   Thumb Code     0  startup_stm32f103xb.o(.text)
    EXTI4_IRQHandler                         0x0800011f   Thumb Code     0  startup_stm32f103xb.o(.text)
    EXTI9_5_IRQHandler                       0x0800011f   Thumb Code     0  startup_stm32f103xb.o(.text)
    FLASH_IRQHandler                         0x0800011f   Thumb Code     0  startup_stm32f103xb.o(.text)
    I2C1_ER_IRQHandler                       0x0800011f   Thumb Code     0  startup_stm32f103xb.o(.text)
    I2C1_EV_IRQHandler                       0x0800011f   Thumb Code     0  startup_stm32f103xb.o(.text)
    I2C2_ER_IRQHandler                       0x0800011f   Thumb Code     0  startup_stm32f103xb.o(.text)
    I2C2_EV_IRQHandler                       0x0800011f   Thumb Code     0  startup_stm32f103xb.o(.text)
    PVD_IRQHandler                           0x0800011f   Thumb Code     0  startup_stm32f103xb.o(.text)
    RCC_IRQHandler                           0x0800011f   Thumb Code     0  startup_stm32f103xb.o(.text)
    RTC_Alarm_IRQHandler                     0x0800011f   Thumb Code     0  startup_stm32f103xb.o(.text)
    RTC_IRQHandler                           0x0800011f   Thumb Code     0  startup_stm32f103xb.o(.text)
    SPI1_IRQHandler                          0x0800011f   Thumb Code     0  startup_stm32f103xb.o(.text)
    SPI2_IRQHandler                          0x0800011f   Thumb Code     0  startup_stm32f103xb.o(.text)
    TAMPER_IRQHandler                        0x0800011f   Thumb Code     0  startup_stm32f103xb.o(.text)
    TIM1_BRK_IRQHandler                      0x0800011f   Thumb Code     0  startup_stm32f103xb.o(.text)
    TIM1_CC_IRQHandler                       0x0800011f   Thumb Code     0  startup_stm32f103xb.o(.text)
    TIM1_TRG_COM_IRQHandler                  0x0800011f   Thumb Code     0  startup_stm32f103xb.o(.text)
    TIM1_UP_IRQHandler                       0x0800011f   Thumb Code     0  startup_stm32f103xb.o(.text)
    TIM2_IRQHandler                          0x0800011f   Thumb Code     0  startup_stm32f103xb.o(.text)
    TIM3_IRQHandler                          0x0800011f   Thumb Code     0  startup_stm32f103xb.o(.text)
    TIM4_IRQHandler                          0x0800011f   Thumb Code     0  startup_stm32f103xb.o(.text)
    USART2_IRQHandler                        0x0800011f   Thumb Code     0  startup_stm32f103xb.o(.text)
    USBWakeUp_IRQHandler                     0x0800011f   Thumb Code     0  startup_stm32f103xb.o(.text)
    USB_HP_CAN1_TX_IRQHandler                0x0800011f   Thumb Code     0  startup_stm32f103xb.o(.text)
    USB_LP_CAN1_RX0_IRQHandler               0x0800011f   Thumb Code     0  startup_stm32f103xb.o(.text)
    WWDG_IRQHandler                          0x0800011f   Thumb Code     0  startup_stm32f103xb.o(.text)
    __aeabi_ldivmod                          0x08000129   Thumb Code    98  ldiv.o(.text)
    __aeabi_llsr                             0x0800018b   Thumb Code    32  llushr.o(.text)
    _ll_ushift_r                             0x0800018b   Thumb Code     0  llushr.o(.text)
    ___aeabi_memcpy4$move                    0x080001ab   Thumb Code     0  memmovea.o(.text)
    ___aeabi_memcpy8$move                    0x080001ab   Thumb Code     0  memmovea.o(.text)
    __aeabi_memcpy                           0x080001ab   Thumb Code    64  memmovea.o(.text)
    __aeabi_memmove                          0x080001ab   Thumb Code     0  memmovea.o(.text)
    __aeabi_memmove4                         0x080001ab   Thumb Code     0  memmovea.o(.text)
    __aeabi_memmove8                         0x080001ab   Thumb Code     0  memmovea.o(.text)
    __aeabi_memset                           0x080001eb   Thumb Code    14  memseta.o(.text)
    __aeabi_memset4                          0x080001eb   Thumb Code     0  memseta.o(.text)
    __aeabi_memset8                          0x080001eb   Thumb Code     0  memseta.o(.text)
    __aeabi_memclr                           0x080001f9   Thumb Code     4  memseta.o(.text)
    __aeabi_memclr4                          0x080001f9   Thumb Code     0  memseta.o(.text)
    __aeabi_memclr8                          0x080001f9   Thumb Code     0  memseta.o(.text)
    _memset$wrapper                          0x080001fd   Thumb Code    18  memseta.o(.text)
    strstr                                   0x0800020f   Thumb Code    36  strstr.o(.text)
    strchr                                   0x08000233   Thumb Code    20  strchr.o(.text)
    strlen                                   0x08000247   Thumb Code    14  strlen.o(.text)
    strcmp                                   0x08000255   Thumb Code    28  strcmp.o(.text)
    memcmp                                   0x08000271   Thumb Code    26  memcmp.o(.text)
    __aeabi_fadd                             0x0800028b   Thumb Code   164  fadd.o(.text)
    __aeabi_fsub                             0x0800032f   Thumb Code     6  fadd.o(.text)
    __aeabi_frsub                            0x08000335   Thumb Code     6  fadd.o(.text)
    __aeabi_fmul                             0x0800033b   Thumb Code   100  fmul.o(.text)
    __aeabi_fdiv                             0x0800039f   Thumb Code   124  fdiv.o(.text)
    __ARM_scalbnf                            0x0800041b   Thumb Code    24  fscalb.o(.text)
    scalbnf                                  0x0800041b   Thumb Code     0  fscalb.o(.text)
    __aeabi_dadd                             0x08000433   Thumb Code   322  dadd.o(.text)
    __aeabi_dsub                             0x08000575   Thumb Code     6  dadd.o(.text)
    __aeabi_drsub                            0x0800057b   Thumb Code     6  dadd.o(.text)
    __aeabi_dmul                             0x08000581   Thumb Code   228  dmul.o(.text)
    __aeabi_ddiv                             0x08000665   Thumb Code   222  ddiv.o(.text)
    __aeabi_i2f                              0x08000743   Thumb Code    18  fflti.o(.text)
    __aeabi_ui2f                             0x08000755   Thumb Code    10  ffltui.o(.text)
    __aeabi_i2d                              0x0800075f   Thumb Code    34  dflti.o(.text)
    __aeabi_f2iz                             0x08000781   Thumb Code    50  ffixi.o(.text)
    __aeabi_f2uiz                            0x080007b3   Thumb Code    40  ffixui.o(.text)
    __aeabi_d2iz                             0x080007db   Thumb Code    62  dfixi.o(.text)
    __aeabi_d2uiz                            0x08000819   Thumb Code    50  dfixui.o(.text)
    __aeabi_f2d                              0x0800084b   Thumb Code    38  f2d.o(.text)
    __aeabi_d2f                              0x08000871   Thumb Code    56  d2f.o(.text)
    __aeabi_uidiv                            0x080008a9   Thumb Code     0  uidiv.o(.text)
    __aeabi_uidivmod                         0x080008a9   Thumb Code    44  uidiv.o(.text)
    __aeabi_uldivmod                         0x080008d5   Thumb Code    98  uldiv.o(.text)
    __aeabi_llsl                             0x08000937   Thumb Code    30  llshl.o(.text)
    _ll_shift_l                              0x08000937   Thumb Code     0  llshl.o(.text)
    __aeabi_lasr                             0x08000955   Thumb Code    36  llsshr.o(.text)
    _ll_sshift_r                             0x08000955   Thumb Code     0  llsshr.o(.text)
    __I$use$fp                               0x08000979   Thumb Code     0  iusefp.o(.text)
    _float_round                             0x08000979   Thumb Code    18  fepilogue.o(.text)
    _float_epilogue                          0x0800098b   Thumb Code    92  fepilogue.o(.text)
    _double_round                            0x080009e7   Thumb Code    30  depilogue.o(.text)
    _double_epilogue                         0x08000a05   Thumb Code   156  depilogue.o(.text)
    __ARM_scalbn                             0x08000aa1   Thumb Code    46  dscalb.o(.text)
    scalbn                                   0x08000aa1   Thumb Code     0  dscalb.o(.text)
    _dsqrt                                   0x08000acf   Thumb Code   162  dsqrt.o(.text)
    __aeabi_d2ulz                            0x08000b71   Thumb Code    48  dfixul.o(.text)
    __aeabi_cdcmpeq                          0x08000ba1   Thumb Code     0  cdcmple.o(.text)
    __aeabi_cdcmple                          0x08000ba1   Thumb Code    48  cdcmple.o(.text)
    __aeabi_cdrcmple                         0x08000bd1   Thumb Code    48  cdrcmple.o(.text)
    __scatterload                            0x08000c01   Thumb Code    28  init.o(.text)
    __scatterload_rt2                        0x08000c01   Thumb Code     0  init.o(.text)
    __decompress                             0x08000c25   Thumb Code     0  __dczerorl2.o(.text)
    __decompress1                            0x08000c25   Thumb Code    86  __dczerorl2.o(.text)
    ADC1_2_IRQHandler                        0x08000c7d   Thumb Code     6  stm32f1xx_it.o(i.ADC1_2_IRQHandler)
    ADC_ConversionStop_Disable               0x08000c89   Thumb Code    86  stm32f1xx_hal_adc.o(i.ADC_ConversionStop_Disable)
    ADC_DMAConvCplt                          0x08000cdf   Thumb Code    78  stm32f1xx_hal_adc.o(i.ADC_DMAConvCplt)
    ADC_DMAError                             0x08000d2d   Thumb Code    26  stm32f1xx_hal_adc.o(i.ADC_DMAError)
    ADC_DMAHalfConvCplt                      0x08000d47   Thumb Code    10  stm32f1xx_hal_adc.o(i.ADC_DMAHalfConvCplt)
    ADC_Enable                               0x08000d51   Thumb Code   114  stm32f1xx_hal_adc.o(i.ADC_Enable)
    BusFault_Handler                         0x08000dcd   Thumb Code     2  stm32f1xx_it.o(i.BusFault_Handler)
    Calculate_Heart_Rate_and_SpO2            0x08000dd1   Thumb Code    34  max30102_app.o(i.Calculate_Heart_Rate_and_SpO2)
    DHT11_Check                              0x08000df9   Thumb Code    90  dht11.o(i.DHT11_Check)
    DHT11_Init                               0x08000e5d   Thumb Code    72  dht11.o(i.DHT11_Init)
    DHT11_Read_Bit                           0x08000ead   Thumb Code    70  dht11.o(i.DHT11_Read_Bit)
    DHT11_Read_Byte                          0x08000ef9   Thumb Code    26  dht11.o(i.DHT11_Read_Byte)
    DHT11_Read_Data                          0x08000f15   Thumb Code    82  dht11.o(i.DHT11_Read_Data)
    DHT11_Rst                                0x08000f69   Thumb Code    52  dht11.o(i.DHT11_Rst)
    DMA1_Channel1_IRQHandler                 0x08000fa5   Thumb Code     6  stm32f1xx_it.o(i.DMA1_Channel1_IRQHandler)
    DMA1_Channel6_IRQHandler                 0x08000fb1   Thumb Code     6  stm32f1xx_it.o(i.DMA1_Channel6_IRQHandler)
    DebugMon_Handler                         0x08000fe7   Thumb Code     2  stm32f1xx_it.o(i.DebugMon_Handler)
    Delay_us                                 0x08000fe9   Thumb Code    44  dht11.o(i.Delay_us)
    Error_Handler                            0x08001019   Thumb Code     4  main.o(i.Error_Handler)
    HAL_ADCEx_InjectedConvCpltCallback       0x0800101d   Thumb Code     2  stm32f1xx_hal_adc_ex.o(i.HAL_ADCEx_InjectedConvCpltCallback)
    HAL_ADC_ConfigChannel                    0x08001021   Thumb Code   240  stm32f1xx_hal_adc.o(i.HAL_ADC_ConfigChannel)
    HAL_ADC_ConvCpltCallback                 0x0800111d   Thumb Code     2  stm32f1xx_hal_adc.o(i.HAL_ADC_ConvCpltCallback)
    HAL_ADC_ConvHalfCpltCallback             0x0800111f   Thumb Code     2  stm32f1xx_hal_adc.o(i.HAL_ADC_ConvHalfCpltCallback)
    HAL_ADC_ErrorCallback                    0x08001121   Thumb Code     2  stm32f1xx_hal_adc.o(i.HAL_ADC_ErrorCallback)
    HAL_ADC_IRQHandler                       0x08001123   Thumb Code   220  stm32f1xx_hal_adc.o(i.HAL_ADC_IRQHandler)
    HAL_ADC_Init                             0x08001201   Thumb Code   272  stm32f1xx_hal_adc.o(i.HAL_ADC_Init)
    HAL_ADC_LevelOutOfWindowCallback         0x0800131d   Thumb Code     2  stm32f1xx_hal_adc.o(i.HAL_ADC_LevelOutOfWindowCallback)
    HAL_ADC_MspInit                          0x08001321   Thumb Code   140  adc.o(i.HAL_ADC_MspInit)
    HAL_ADC_Start_DMA                        0x080013c1   Thumb Code   246  stm32f1xx_hal_adc.o(i.HAL_ADC_Start_DMA)
    HAL_DMA_Abort                            0x080014cd   Thumb Code    70  stm32f1xx_hal_dma.o(i.HAL_DMA_Abort)
    HAL_DMA_Abort_IT                         0x08001515   Thumb Code   148  stm32f1xx_hal_dma.o(i.HAL_DMA_Abort_IT)
    HAL_DMA_IRQHandler                       0x080015ad   Thumb Code   316  stm32f1xx_hal_dma.o(i.HAL_DMA_IRQHandler)
    HAL_DMA_Init                             0x08001701   Thumb Code    84  stm32f1xx_hal_dma.o(i.HAL_DMA_Init)
    HAL_DMA_Start_IT                         0x0800175d   Thumb Code   112  stm32f1xx_hal_dma.o(i.HAL_DMA_Start_IT)
    HAL_Delay                                0x080017cd   Thumb Code    32  stm32f1xx_hal.o(i.HAL_Delay)
    HAL_GPIO_Init                            0x080017f1   Thumb Code   446  stm32f1xx_hal_gpio.o(i.HAL_GPIO_Init)
    HAL_GPIO_WritePin                        0x080019d1   Thumb Code    10  stm32f1xx_hal_gpio.o(i.HAL_GPIO_WritePin)
    HAL_GetTick                              0x080019dd   Thumb Code     6  stm32f1xx_hal.o(i.HAL_GetTick)
    HAL_I2C_Init                             0x080019e9   Thumb Code   376  stm32f1xx_hal_i2c.o(i.HAL_I2C_Init)
    HAL_I2C_Master_Receive                   0x08001b71   Thumb Code   576  stm32f1xx_hal_i2c.o(i.HAL_I2C_Master_Receive)
    HAL_I2C_Master_Transmit                  0x08001dc1   Thumb Code   290  stm32f1xx_hal_i2c.o(i.HAL_I2C_Master_Transmit)
    HAL_I2C_Mem_Read                         0x08001eed   Thumb Code   586  stm32f1xx_hal_i2c.o(i.HAL_I2C_Mem_Read)
    HAL_I2C_Mem_Write                        0x08002149   Thumb Code   294  stm32f1xx_hal_i2c.o(i.HAL_I2C_Mem_Write)
    HAL_I2C_MspInit                          0x08002279   Thumb Code    80  i2c.o(i.HAL_I2C_MspInit)
    HAL_IncTick                              0x080022d5   Thumb Code    12  stm32f1xx_hal.o(i.HAL_IncTick)
    HAL_Init                                 0x080022e5   Thumb Code    32  stm32f1xx_hal.o(i.HAL_Init)
    HAL_InitTick                             0x08002309   Thumb Code    54  stm32f1xx_hal.o(i.HAL_InitTick)
    HAL_MspInit                              0x08002349   Thumb Code    52  stm32f1xx_hal_msp.o(i.HAL_MspInit)
    HAL_NVIC_EnableIRQ                       0x08002385   Thumb Code    26  stm32f1xx_hal_cortex.o(i.HAL_NVIC_EnableIRQ)
    HAL_NVIC_SetPriority                     0x080023a1   Thumb Code    60  stm32f1xx_hal_cortex.o(i.HAL_NVIC_SetPriority)
    HAL_NVIC_SetPriorityGrouping             0x080023e1   Thumb Code    26  stm32f1xx_hal_cortex.o(i.HAL_NVIC_SetPriorityGrouping)
    HAL_RCCEx_PeriphCLKConfig                0x08002405   Thumb Code   224  stm32f1xx_hal_rcc_ex.o(i.HAL_RCCEx_PeriphCLKConfig)
    HAL_RCC_ClockConfig                      0x080024f1   Thumb Code   280  stm32f1xx_hal_rcc.o(i.HAL_RCC_ClockConfig)
    HAL_RCC_GetPCLK1Freq                     0x0800261d   Thumb Code    20  stm32f1xx_hal_rcc.o(i.HAL_RCC_GetPCLK1Freq)
    HAL_RCC_GetPCLK2Freq                     0x0800263d   Thumb Code    20  stm32f1xx_hal_rcc.o(i.HAL_RCC_GetPCLK2Freq)
    HAL_RCC_GetSysClockFreq                  0x0800265d   Thumb Code    58  stm32f1xx_hal_rcc.o(i.HAL_RCC_GetSysClockFreq)
    HAL_RCC_OscConfig                        0x080026a9   Thumb Code   778  stm32f1xx_hal_rcc.o(i.HAL_RCC_OscConfig)
    HAL_SYSTICK_Config                       0x080029c9   Thumb Code    40  stm32f1xx_hal_cortex.o(i.HAL_SYSTICK_Config)
    HAL_TIMEx_MasterConfigSynchronization    0x080029f1   Thumb Code    92  stm32f1xx_hal_tim_ex.o(i.HAL_TIMEx_MasterConfigSynchronization)
    HAL_TIM_Base_Init                        0x08002a59   Thumb Code    90  stm32f1xx_hal_tim.o(i.HAL_TIM_Base_Init)
    HAL_TIM_Base_MspInit                     0x08002ab5   Thumb Code    30  tim.o(i.HAL_TIM_Base_MspInit)
    HAL_TIM_Base_Start                       0x08002add   Thumb Code    66  stm32f1xx_hal_tim.o(i.HAL_TIM_Base_Start)
    HAL_TIM_Base_Stop                        0x08002b2d   Thumb Code    38  stm32f1xx_hal_tim.o(i.HAL_TIM_Base_Stop)
    HAL_TIM_ConfigClockSource                0x08002b53   Thumb Code   220  stm32f1xx_hal_tim.o(i.HAL_TIM_ConfigClockSource)
    HAL_UARTEx_RxEventCallback               0x08002c2f   Thumb Code     2  stm32f1xx_hal_uart.o(i.HAL_UARTEx_RxEventCallback)
    HAL_UART_ErrorCallback                   0x08002c31   Thumb Code     2  stm32f1xx_hal_uart.o(i.HAL_UART_ErrorCallback)
    HAL_UART_IRQHandler                      0x08002c35   Thumb Code   616  stm32f1xx_hal_uart.o(i.HAL_UART_IRQHandler)
    HAL_UART_Init                            0x08002ea1   Thumb Code   100  stm32f1xx_hal_uart.o(i.HAL_UART_Init)
    HAL_UART_MspInit                         0x08002f05   Thumb Code   316  usart.o(i.HAL_UART_MspInit)
    HAL_UART_Receive_IT                      0x08003061   Thumb Code    28  stm32f1xx_hal_uart.o(i.HAL_UART_Receive_IT)
    HAL_UART_RxCpltCallback                  0x0800307d   Thumb Code   198  atgm336h.o(i.HAL_UART_RxCpltCallback)
    HAL_UART_Transmit                        0x08003179   Thumb Code   160  stm32f1xx_hal_uart.o(i.HAL_UART_Transmit)
    HAL_UART_TxCpltCallback                  0x08003219   Thumb Code     2  stm32f1xx_hal_uart.o(i.HAL_UART_TxCpltCallback)
    HardFault_Handler                        0x0800321b   Thumb Code     2  stm32f1xx_it.o(i.HardFault_Handler)
    LowPassFilter                            0x080037e5   Thumb Code    54  max30102_app.o(i.LowPassFilter)
    MAX30102_IIC_Ack                         0x08003829   Thumb Code    40  myiic.o(i.MAX30102_IIC_Ack)
    MAX30102_IIC_Init                        0x08003855   Thumb Code    58  myiic.o(i.MAX30102_IIC_Init)
    MAX30102_IIC_NAck                        0x0800389d   Thumb Code    40  myiic.o(i.MAX30102_IIC_NAck)
    MAX30102_IIC_Read_Byte                   0x080038c9   Thumb Code    88  myiic.o(i.MAX30102_IIC_Read_Byte)
    MAX30102_IIC_SDA_IN                      0x08003925   Thumb Code    30  myiic.o(i.MAX30102_IIC_SDA_IN)
    MAX30102_IIC_SDA_OUT                     0x08003949   Thumb Code    26  myiic.o(i.MAX30102_IIC_SDA_OUT)
    MAX30102_IIC_Send_Byte                   0x08003969   Thumb Code    72  myiic.o(i.MAX30102_IIC_Send_Byte)
    MAX30102_IIC_Start                       0x080039b5   Thumb Code    42  myiic.o(i.MAX30102_IIC_Start)
    MAX30102_IIC_Stop                        0x080039e5   Thumb Code    44  myiic.o(i.MAX30102_IIC_Stop)
    MAX30102_IIC_Wait_Ack                    0x08003a15   Thumb Code    64  myiic.o(i.MAX30102_IIC_Wait_Ack)
    MAX30102_Init                            0x08003a59   Thumb Code   140  max30102.o(i.MAX30102_Init)
    MAX30102_Read_Data                       0x08003aed   Thumb Code   146  max30102_app.o(i.MAX30102_Read_Data)
    MAX30102_Reset                           0x08003b89   Thumb Code    22  max30102.o(i.MAX30102_Reset)
    MPU_Get_Accelerometer                    0x08003b9f   Thumb Code    50  mpu6050.o(i.MPU_Get_Accelerometer)
    MPU_Get_Gyroscope                        0x08003bd1   Thumb Code    50  mpu6050.o(i.MPU_Get_Gyroscope)
    MPU_Init                                 0x08003c03   Thumb Code    46  mpu6050.o(i.MPU_Init)
    MPU_Read_Len                             0x08003c31   Thumb Code    54  mpu6050.o(i.MPU_Read_Len)
    MPU_Write_Byte                           0x08003c6d   Thumb Code    36  mpu6050.o(i.MPU_Write_Byte)
    MX_ADC1_Init                             0x08003c95   Thumb Code    68  adc.o(i.MX_ADC1_Init)
    MX_DMA_Init                              0x08003ce1   Thumb Code    56  dma.o(i.MX_DMA_Init)
    MX_GPIO_Init                             0x08003d1d   Thumb Code   158  gpio.o(i.MX_GPIO_Init)
    MX_I2C1_Init                             0x08003dc9   Thumb Code    50  i2c.o(i.MX_I2C1_Init)
    MX_TIM1_Init                             0x08003e09   Thumb Code    96  tim.o(i.MX_TIM1_Init)
    MX_USART1_UART_Init                      0x08003e71   Thumb Code    56  usart.o(i.MX_USART1_UART_Init)
    MX_USART2_UART_Init                      0x08003eb1   Thumb Code    48  usart.o(i.MX_USART2_UART_Init)
    MX_USART3_UART_Init                      0x08003ee9   Thumb Code    48  usart.o(i.MX_USART3_UART_Init)
    MemManage_Handler                        0x08003f21   Thumb Code     2  stm32f1xx_it.o(i.MemManage_Handler)
    NMI_Handler                              0x08003f23   Thumb Code     2  stm32f1xx_it.o(i.NMI_Handler)
    PendSV_Handler                           0x08003f25   Thumb Code     2  stm32f1xx_it.o(i.PendSV_Handler)
    Process_And_Display_Data                 0x08003f29   Thumb Code    32  max30102_app.o(i.Process_And_Display_Data)
    SVC_Handler                              0x08003f4d   Thumb Code     2  stm32f1xx_it.o(i.SVC_Handler)
    SmoothData                               0x08003f4f   Thumb Code    46  max30102_app.o(i.SmoothData)
    SysTick_Handler                          0x08003f7d   Thumb Code     4  stm32f1xx_it.o(i.SysTick_Handler)
    SystemClock_Config                       0x08003f81   Thumb Code   120  main.o(i.SystemClock_Config)
    SystemInit                               0x08003ff9   Thumb Code     2  system_stm32f1xx.o(i.SystemInit)
    TIM_Base_SetConfig                       0x08003ffd   Thumb Code   108  stm32f1xx_hal_tim.o(i.TIM_Base_SetConfig)
    TIM_ETR_SetConfig                        0x08004075   Thumb Code    20  stm32f1xx_hal_tim.o(i.TIM_ETR_SetConfig)
    UART_Start_Receive_IT                    0x080042b9   Thumb Code    54  stm32f1xx_hal_uart.o(i.UART_Start_Receive_IT)
    USART1_IRQHandler                        0x08004361   Thumb Code     6  stm32f1xx_it.o(i.USART1_IRQHandler)
    USART3_IRQHandler                        0x0800436d   Thumb Code     6  stm32f1xx_it.o(i.USART3_IRQHandler)
    Update_Signal_Min_Max                    0x08004379   Thumb Code   146  max30102_app.o(i.Update_Signal_Min_Max)
    UsageFault_Handler                       0x08004415   Thumb Code     2  stm32f1xx_it.o(i.UsageFault_Handler)
    __0sprintf                               0x08004419   Thumb Code    34  printfa.o(i.__0sprintf)
    __1sprintf                               0x08004419   Thumb Code     0  printfa.o(i.__0sprintf)
    __2sprintf                               0x08004419   Thumb Code     0  printfa.o(i.__0sprintf)
    __c89sprintf                             0x08004419   Thumb Code     0  printfa.o(i.__0sprintf)
    sprintf                                  0x08004419   Thumb Code     0  printfa.o(i.__0sprintf)
    __0vsnprintf                             0x08004441   Thumb Code    46  printfa.o(i.__0vsnprintf)
    __1vsnprintf                             0x08004441   Thumb Code     0  printfa.o(i.__0vsnprintf)
    __2vsnprintf                             0x08004441   Thumb Code     0  printfa.o(i.__0vsnprintf)
    __c89vsnprintf                           0x08004441   Thumb Code     0  printfa.o(i.__0vsnprintf)
    vsnprintf                                0x08004441   Thumb Code     0  printfa.o(i.__0vsnprintf)
    __ARM_fpclassify                         0x08004475   Thumb Code    40  fpclassify.o(i.__ARM_fpclassify)
    __kernel_poly                            0x080044bd   Thumb Code   170  poly.o(i.__kernel_poly)
    __mathlib_dbl_divzero                    0x08004569   Thumb Code    12  dunder.o(i.__mathlib_dbl_divzero)
    __mathlib_dbl_infnan                     0x08004579   Thumb Code     6  dunder.o(i.__mathlib_dbl_infnan)
    __mathlib_dbl_infnan2                    0x0800457f   Thumb Code     4  dunder.o(i.__mathlib_dbl_infnan2)
    __mathlib_dbl_invalid                    0x08004583   Thumb Code    12  dunder.o(i.__mathlib_dbl_invalid)
    __mathlib_dbl_overflow                   0x0800458f   Thumb Code    14  dunder.o(i.__mathlib_dbl_overflow)
    __mathlib_dbl_underflow                  0x0800459d   Thumb Code    10  dunder.o(i.__mathlib_dbl_underflow)
    __scatterload_copy                       0x080045ad   Thumb Code    14  handlers.o(i.__scatterload_copy)
    __scatterload_null                       0x080045bb   Thumb Code     2  handlers.o(i.__scatterload_null)
    __scatterload_zeroinit                   0x080045bd   Thumb Code    14  handlers.o(i.__scatterload_zeroinit)
    __set_errno                              0x080045cd   Thumb Code     6  errno.o(i.__set_errno)
    asin                                     0x08004f05   Thumb Code   572  asin.o(i.asin)
    atan                                     0x08005175   Thumb Code   474  atan.o(i.atan)
    atan2                                    0x08005395   Thumb Code   374  atan2.o(i.atan2)
    dht11_task                               0x08005531   Thumb Code     8  dht11.o(i.dht11_task)
    dmp_enable_6x_lp_quat                    0x0800553d   Thumb Code    58  inv_mpu_dmp_motion_driver.o(i.dmp_enable_6x_lp_quat)
    dmp_enable_feature                       0x08005579   Thumb Code   464  inv_mpu_dmp_motion_driver.o(i.dmp_enable_feature)
    dmp_enable_gyro_cal                      0x08005751   Thumb Code    34  inv_mpu_dmp_motion_driver.o(i.dmp_enable_gyro_cal)
    dmp_enable_lp_quat                       0x0800578d   Thumb Code    58  inv_mpu_dmp_motion_driver.o(i.dmp_enable_lp_quat)
    dmp_load_motion_driver_firmware          0x080057c9   Thumb Code    16  inv_mpu_dmp_motion_driver.o(i.dmp_load_motion_driver_firmware)
    dmp_read_fifo                            0x080057dd   Thumb Code   354  inv_mpu_dmp_motion_driver.o(i.dmp_read_fifo)
    dmp_set_accel_bias                       0x08005945   Thumb Code   212  inv_mpu_dmp_motion_driver.o(i.dmp_set_accel_bias)
    dmp_set_fifo_rate                        0x08005a1d   Thumb Code    82  inv_mpu_dmp_motion_driver.o(i.dmp_set_fifo_rate)
    dmp_set_gyro_bias                        0x08005a81   Thumb Code   196  inv_mpu_dmp_motion_driver.o(i.dmp_set_gyro_bias)
    dmp_set_orientation                      0x08005b4d   Thumb Code   246  inv_mpu_dmp_motion_driver.o(i.dmp_set_orientation)
    dmp_set_shake_reject_thresh              0x08005c59   Thumb Code    48  inv_mpu_dmp_motion_driver.o(i.dmp_set_shake_reject_thresh)
    dmp_set_shake_reject_time                0x08005c89   Thumb Code    32  inv_mpu_dmp_motion_driver.o(i.dmp_set_shake_reject_time)
    dmp_set_shake_reject_timeout             0x08005ca9   Thumb Code    32  inv_mpu_dmp_motion_driver.o(i.dmp_set_shake_reject_timeout)
    dmp_set_tap_axes                         0x08005cc9   Thumb Code    64  inv_mpu_dmp_motion_driver.o(i.dmp_set_tap_axes)
    dmp_set_tap_count                        0x08005d09   Thumb Code    34  inv_mpu_dmp_motion_driver.o(i.dmp_set_tap_count)
    dmp_set_tap_thresh                       0x08005d2d   Thumb Code   274  inv_mpu_dmp_motion_driver.o(i.dmp_set_tap_thresh)
    dmp_set_tap_time                         0x08005e55   Thumb Code    32  inv_mpu_dmp_motion_driver.o(i.dmp_set_tap_time)
    dmp_set_tap_time_multi                   0x08005e75   Thumb Code    32  inv_mpu_dmp_motion_driver.o(i.dmp_set_tap_time_multi)
    esp_init                                 0x08005e95   Thumb Code   104  esp01s.o(i.esp_init)
    esp_process_cmd                          0x08005f89   Thumb Code   214  esp01s.o(i.esp_process_cmd)
    esp_report1                              0x0800612d   Thumb Code   108  esp01s.o(i.esp_report1)
    esp_report2                              0x080061b5   Thumb Code    48  esp01s.o(i.esp_report2)
    inv_orientation_matrix_to_scalar         0x080067f1   Thumb Code    34  inv_mpu.o(i.inv_orientation_matrix_to_scalar)
    inv_row_2_scale                          0x08006813   Thumb Code    72  inv_mpu.o(i.inv_row_2_scale)
    main                                     0x0800685d   Thumb Code    82  main.o(i.main)
    max30102_Bus_Read                        0x080068b9   Thumb Code    76  max30102.o(i.max30102_Bus_Read)
    max30102_Bus_Write                       0x08006905   Thumb Code    62  max30102.o(i.max30102_Bus_Write)
    max30102_FIFO_ReadBytes                  0x08006943   Thumb Code   122  max30102.o(i.max30102_FIFO_ReadBytes)
    max30102_task                            0x080069bd   Thumb Code    84  max30102_app.o(i.max30102_task)
    maxim_find_peaks                         0x08006a19   Thumb Code    50  algorithm.o(i.maxim_find_peaks)
    maxim_heart_rate_and_oxygen_saturation   0x08006a4d   Thumb Code   944  algorithm.o(i.maxim_heart_rate_and_oxygen_saturation)
    maxim_peaks_above_min_height             0x08006e11   Thumb Code   106  algorithm.o(i.maxim_peaks_above_min_height)
    maxim_remove_close_peaks                 0x08006e7d   Thumb Code   108  algorithm.o(i.maxim_remove_close_peaks)
    maxim_sort_ascend                        0x08006ee9   Thumb Code    50  algorithm.o(i.maxim_sort_ascend)
    maxim_sort_indices_descend               0x08006f1d   Thumb Code    58  algorithm.o(i.maxim_sort_indices_descend)
    mpu6050_task                             0x08006f59   Thumb Code   244  mpu6050.o(i.mpu6050_task)
    mpu_configure_fifo                       0x08007055   Thumb Code    78  inv_mpu.o(i.mpu_configure_fifo)
    mpu_dmp_get_data                         0x080070a9   Thumb Code   408  inv_mpu.o(i.mpu_dmp_get_data)
    mpu_dmp_init                             0x08007245   Thumb Code   156  inv_mpu.o(i.mpu_dmp_init)
    mpu_get_accel_fsr                        0x080072e5   Thumb Code    54  inv_mpu.o(i.mpu_get_accel_fsr)
    mpu_get_accel_sens                       0x08007321   Thumb Code    62  inv_mpu.o(i.mpu_get_accel_sens)
    mpu_get_gyro_fsr                         0x08007365   Thumb Code    48  inv_mpu.o(i.mpu_get_gyro_fsr)
    mpu_get_gyro_sens                        0x08007399   Thumb Code    44  inv_mpu.o(i.mpu_get_gyro_sens)
    mpu_get_lpf                              0x080073d9   Thumb Code    52  inv_mpu.o(i.mpu_get_lpf)
    mpu_get_sample_rate                      0x08007411   Thumb Code    22  inv_mpu.o(i.mpu_get_sample_rate)
    mpu_init                                 0x0800742d   Thumb Code   334  inv_mpu.o(i.mpu_init)
    mpu_load_firmware                        0x08007585   Thumb Code   166  inv_mpu.o(i.mpu_load_firmware)
    mpu_lp_accel_mode                        0x08007635   Thumb Code   204  inv_mpu.o(i.mpu_lp_accel_mode)
    mpu_read_fifo_stream                     0x08007709   Thumb Code   182  inv_mpu.o(i.mpu_read_fifo_stream)
    mpu_read_mem                             0x080077c9   Thumb Code   106  inv_mpu.o(i.mpu_read_mem)
    mpu_reset_fifo                           0x0800783d   Thumb Code   438  inv_mpu.o(i.mpu_reset_fifo)
    mpu_run_self_test                        0x080079fd   Thumb Code   234  inv_mpu.o(i.mpu_run_self_test)
    mpu_set_accel_fsr                        0x08007aed   Thumb Code   112  inv_mpu.o(i.mpu_set_accel_fsr)
    mpu_set_bypass                           0x08007b65   Thumb Code   302  inv_mpu.o(i.mpu_set_bypass)
    mpu_set_dmp_state                        0x08007c9d   Thumb Code   140  inv_mpu.o(i.mpu_set_dmp_state)
    mpu_set_gyro_fsr                         0x08007d31   Thumb Code   118  inv_mpu.o(i.mpu_set_gyro_fsr)
    mpu_set_int_latched                      0x08007db1   Thumb Code   108  inv_mpu.o(i.mpu_set_int_latched)
    mpu_set_lpf                              0x08007e25   Thumb Code   120  inv_mpu.o(i.mpu_set_lpf)
    mpu_set_sample_rate                      0x08007ea5   Thumb Code   142  inv_mpu.o(i.mpu_set_sample_rate)
    mpu_set_sensors                          0x08007f3d   Thumb Code   212  inv_mpu.o(i.mpu_set_sensors)
    mpu_write_mem                            0x08008019   Thumb Code   106  inv_mpu.o(i.mpu_write_mem)
    mq2_task                                 0x0800808d   Thumb Code   152  mq2.o(i.mq2_task)
    my_printf                                0x08008151   Thumb Code    50  usart.o(i.my_printf)
    pow                                      0x08008269   Thumb Code  2512  pow.o(i.pow)
    process_asr_data                         0x08008c41   Thumb Code    92  sensor.o(i.process_asr_data)
    run_self_test                            0x08008cc9   Thumb Code   128  inv_mpu.o(i.run_self_test)
    scheduler_init                           0x08008d49   Thumb Code     8  scheduler.o(i.scheduler_init)
    scheduler_run                            0x08008d55   Thumb Code    56  scheduler.o(i.scheduler_run)
    send_flag_to_asr                         0x08008d91   Thumb Code    86  sensor.o(i.send_flag_to_asr)
    sqrt                                     0x08008ea1   Thumb Code    76  sqrt.o(i.sqrt)
    AHBPrescTable                            0x08008efe   Data          16  system_stm32f1xx.o(.constdata)
    APBPrescTable                            0x08008f0e   Data           8  system_stm32f1xx.o(.constdata)
    reg                                      0x08008f16   Data          30  inv_mpu.o(.constdata)
    hw                                       0x08008f34   Data          12  inv_mpu.o(.constdata)
    test                                     0x08008f40   Data          40  inv_mpu.o(.constdata)
    auw_hamm                                 0x08009b5e   Data          62  algorithm.o(.constdata)
    uch_spo2_table                           0x08009b9c   Data         184  algorithm.o(.constdata)
    __mathlib_zero                           0x08009dc8   Data           8  qnan.o(.constdata)
    Region$$Table$$Base                      0x08009e64   Number         0  anon$$obj.o(Region$$Table)
    Region$$Table$$Limit                     0x08009e84   Number         0  anon$$obj.o(Region$$Table)
    uart_rx_index                            0x20000000   Data           2  usart.o(.data)
    uart_rx_ticks                            0x20000004   Data           4  usart.o(.data)
    uwTickFreq                               0x20000008   Data           1  stm32f1xx_hal.o(.data)
    uwTickPrio                               0x2000000c   Data           4  stm32f1xx_hal.o(.data)
    uwTick                                   0x20000010   Data           4  stm32f1xx_hal.o(.data)
    SystemCoreClock                          0x20000014   Data           4  system_stm32f1xx.o(.data)
    task_num                                 0x20000018   Data           1  scheduler.o(.data)
    density_flag                             0x20000088   Data           1  mq2.o(.data)
    adc_value                                0x2000008c   Data           4  mq2.o(.data)
    voltage                                  0x20000090   Data           4  mq2.o(.data)
    RS                                       0x20000094   Data           4  mq2.o(.data)
    RL                                       0x20000098   Data           4  mq2.o(.data)
    R0                                       0x2000009c   Data           4  mq2.o(.data)
    ppm                                      0x200000a0   Data           4  mq2.o(.data)
    humi                                     0x200000a4   Data           1  dht11.o(.data)
    temp                                     0x200000a5   Data           1  dht11.o(.data)
    fall_flag                                0x200000e0   Data           1  mpu6050.o(.data)
    aacx                                     0x200000e2   Data           2  mpu6050.o(.data)
    aacy                                     0x200000e4   Data           2  mpu6050.o(.data)
    aacz                                     0x200000e6   Data           2  mpu6050.o(.data)
    gyrox                                    0x200000e8   Data           2  mpu6050.o(.data)
    gyroy                                    0x200000ea   Data           2  mpu6050.o(.data)
    gyroz                                    0x200000ec   Data           2  mpu6050.o(.data)
    AVM                                      0x200000ee   Data           2  mpu6050.o(.data)
    GVM                                      0x200000f0   Data           2  mpu6050.o(.data)
    pitch                                    0x200000f4   Data           4  mpu6050.o(.data)
    roll                                     0x200000f8   Data           4  mpu6050.o(.data)
    yaw                                      0x200000fc   Data           4  mpu6050.o(.data)
    collision_flag                           0x20000100   Data           1  mpu6050.o(.data)
    heartrate_flag                           0x20000104   Data           1  max30102_app.o(.data)
    spo2_flag                                0x20000105   Data           1  max30102_app.o(.data)
    dis_hr                                   0x20000106   Data           1  max30102_app.o(.data)
    dis_spo2                                 0x20000107   Data           1  max30102_app.o(.data)
    hr_index                                 0x20000108   Data           4  max30102_app.o(.data)
    spo2_index                               0x2000010c   Data           4  max30102_app.o(.data)
    max30102_data                            0x20000110   Data        4036  max30102_app.o(.data)
    uart3_rx_byte                            0x200010d4   Data           1  atgm336h.o(.data)
    uart_A_RX_Buff                           0x200010d5   Data           1  atgm336h.o(.data)
    point1                                   0x200010d6   Data           2  atgm336h.o(.data)
    uart3_rx_index                           0x200010d8   Data           2  atgm336h.o(.data)
    uart3_rx_ticks                           0x200010dc   Data           4  atgm336h.o(.data)
    longitude                                0x200010e0   Data           4  atgm336h.o(.data)
    latitude                                 0x200010e4   Data           4  atgm336h.o(.data)
    alarm_cancel_flag                        0x200010e9   Data           1  sensor.o(.data)
    measure_flag                             0x200010ea   Data           1  sensor.o(.data)
    alarm_cancel_count                       0x200010eb   Data           1  sensor.o(.data)
    hadc1                                    0x200010f0   Data          48  adc.o(.bss)
    hdma_adc1                                0x20001120   Data          68  adc.o(.bss)
    hi2c1                                    0x20001164   Data          84  i2c.o(.bss)
    htim1                                    0x200011b8   Data          72  tim.o(.bss)
    uart_rx_buffer                           0x20001200   Data          10  usart.o(.bss)
    huart1                                   0x2000120c   Data          72  usart.o(.bss)
    huart2                                   0x20001254   Data          72  usart.o(.bss)
    huart3                                   0x2000129c   Data          72  usart.o(.bss)
    hdma_usart2_rx                           0x200012e4   Data          68  usart.o(.bss)
    dma_buff                                 0x20001328   Data         120  mq2.o(.bss)
    hr_buffer                                0x200013b0   Data          80  max30102_app.o(.bss)
    spo2_buffer                              0x20001400   Data          80  max30102_app.o(.bss)
    g_LatAndLongData                         0x20002bb0   Data          12  atgm336h.o(.bss)
    uart3_rx_buffer                          0x20002bbc   Data         256  atgm336h.o(.bss)
    Save_Data                                0x20002cbc   Data         121  atgm336h.o(.bss)
    USART_RX_BUF                             0x20002d35   Data         200  atgm336h.o(.bss)
    __initial_sp                             0x20003300   Data           0  startup_stm32f103xb.o(STACK)



==============================================================================

Memory Map of the image

  Image Entry point : 0x080000ed

  Load Region LR_IROM1 (Base: 0x08000000, Size: 0x0000af74, Max: 0x00010000, ABSOLUTE, COMPRESSED[0x00009f04])

    Execution Region ER_IROM1 (Exec base: 0x08000000, Load base: 0x08000000, Size: 0x00009e84, Max: 0x00010000, ABSOLUTE)

    Exec Addr    Load Addr    Size         Type   Attr      Idx    E Section Name        Object

    0x08000000   0x08000000   0x000000ec   Data   RO            3    RESET               startup_stm32f103xb.o
    0x080000ec   0x080000ec   0x00000000   Code   RO         5062  * .ARM.Collect$$$$00000000  mc_w.l(entry.o)
    0x080000ec   0x080000ec   0x00000004   Code   RO         5441    .ARM.Collect$$$$00000001  mc_w.l(entry2.o)
    0x080000f0   0x080000f0   0x00000004   Code   RO         5444    .ARM.Collect$$$$00000004  mc_w.l(entry5.o)
    0x080000f4   0x080000f4   0x00000000   Code   RO         5446    .ARM.Collect$$$$00000008  mc_w.l(entry7b.o)
    0x080000f4   0x080000f4   0x00000000   Code   RO         5448    .ARM.Collect$$$$0000000A  mc_w.l(entry8b.o)
    0x080000f4   0x080000f4   0x00000008   Code   RO         5449    .ARM.Collect$$$$0000000B  mc_w.l(entry9a.o)
    0x080000fc   0x080000fc   0x00000004   Code   RO         5456    .ARM.Collect$$$$0000000E  mc_w.l(entry12b.o)
    0x08000100   0x08000100   0x00000000   Code   RO         5451    .ARM.Collect$$$$0000000F  mc_w.l(entry10a.o)
    0x08000100   0x08000100   0x00000000   Code   RO         5453    .ARM.Collect$$$$00000011  mc_w.l(entry11a.o)
    0x08000100   0x08000100   0x00000004   Code   RO         5442    .ARM.Collect$$$$00002712  mc_w.l(entry2.o)
    0x08000104   0x08000104   0x00000024   Code   RO            4    .text               startup_stm32f103xb.o
    0x08000128   0x08000128   0x00000062   Code   RO         5065    .text               mc_w.l(ldiv.o)
    0x0800018a   0x0800018a   0x00000020   Code   RO         5067    .text               mc_w.l(llushr.o)
    0x080001aa   0x080001aa   0x00000040   Code   RO         5071    .text               mc_w.l(memmovea.o)
    0x080001ea   0x080001ea   0x00000024   Code   RO         5073    .text               mc_w.l(memseta.o)
    0x0800020e   0x0800020e   0x00000024   Code   RO         5075    .text               mc_w.l(strstr.o)
    0x08000232   0x08000232   0x00000014   Code   RO         5077    .text               mc_w.l(strchr.o)
    0x08000246   0x08000246   0x0000000e   Code   RO         5079    .text               mc_w.l(strlen.o)
    0x08000254   0x08000254   0x0000001c   Code   RO         5081    .text               mc_w.l(strcmp.o)
    0x08000270   0x08000270   0x0000001a   Code   RO         5083    .text               mc_w.l(memcmp.o)
    0x0800028a   0x0800028a   0x000000b0   Code   RO         5378    .text               mf_w.l(fadd.o)
    0x0800033a   0x0800033a   0x00000064   Code   RO         5380    .text               mf_w.l(fmul.o)
    0x0800039e   0x0800039e   0x0000007c   Code   RO         5382    .text               mf_w.l(fdiv.o)
    0x0800041a   0x0800041a   0x00000018   Code   RO         5384    .text               mf_w.l(fscalb.o)
    0x08000432   0x08000432   0x0000014e   Code   RO         5386    .text               mf_w.l(dadd.o)
    0x08000580   0x08000580   0x000000e4   Code   RO         5388    .text               mf_w.l(dmul.o)
    0x08000664   0x08000664   0x000000de   Code   RO         5390    .text               mf_w.l(ddiv.o)
    0x08000742   0x08000742   0x00000012   Code   RO         5392    .text               mf_w.l(fflti.o)
    0x08000754   0x08000754   0x0000000a   Code   RO         5394    .text               mf_w.l(ffltui.o)
    0x0800075e   0x0800075e   0x00000022   Code   RO         5396    .text               mf_w.l(dflti.o)
    0x08000780   0x08000780   0x00000032   Code   RO         5400    .text               mf_w.l(ffixi.o)
    0x080007b2   0x080007b2   0x00000028   Code   RO         5402    .text               mf_w.l(ffixui.o)
    0x080007da   0x080007da   0x0000003e   Code   RO         5404    .text               mf_w.l(dfixi.o)
    0x08000818   0x08000818   0x00000032   Code   RO         5406    .text               mf_w.l(dfixui.o)
    0x0800084a   0x0800084a   0x00000026   Code   RO         5408    .text               mf_w.l(f2d.o)
    0x08000870   0x08000870   0x00000038   Code   RO         5410    .text               mf_w.l(d2f.o)
    0x080008a8   0x080008a8   0x0000002c   Code   RO         5460    .text               mc_w.l(uidiv.o)
    0x080008d4   0x080008d4   0x00000062   Code   RO         5462    .text               mc_w.l(uldiv.o)
    0x08000936   0x08000936   0x0000001e   Code   RO         5464    .text               mc_w.l(llshl.o)
    0x08000954   0x08000954   0x00000024   Code   RO         5466    .text               mc_w.l(llsshr.o)
    0x08000978   0x08000978   0x00000000   Code   RO         5477    .text               mc_w.l(iusefp.o)
    0x08000978   0x08000978   0x0000006e   Code   RO         5478    .text               mf_w.l(fepilogue.o)
    0x080009e6   0x080009e6   0x000000ba   Code   RO         5480    .text               mf_w.l(depilogue.o)
    0x08000aa0   0x08000aa0   0x0000002e   Code   RO         5482    .text               mf_w.l(dscalb.o)
    0x08000ace   0x08000ace   0x000000a2   Code   RO         5484    .text               mf_w.l(dsqrt.o)
    0x08000b70   0x08000b70   0x00000030   Code   RO         5486    .text               mf_w.l(dfixul.o)
    0x08000ba0   0x08000ba0   0x00000030   Code   RO         5488    .text               mf_w.l(cdcmple.o)
    0x08000bd0   0x08000bd0   0x00000030   Code   RO         5490    .text               mf_w.l(cdrcmple.o)
    0x08000c00   0x08000c00   0x00000024   Code   RO         5492    .text               mc_w.l(init.o)
    0x08000c24   0x08000c24   0x00000056   Code   RO         5504    .text               mc_w.l(__dczerorl2.o)
    0x08000c7a   0x08000c7a   0x00000002   PAD
    0x08000c7c   0x08000c7c   0x0000000c   Code   RO          494    i.ADC1_2_IRQHandler  stm32f1xx_it.o
    0x08000c88   0x08000c88   0x00000056   Code   RO          660    i.ADC_ConversionStop_Disable  stm32f1xx_hal_adc.o
    0x08000cde   0x08000cde   0x0000004e   Code   RO          661    i.ADC_DMAConvCplt   stm32f1xx_hal_adc.o
    0x08000d2c   0x08000d2c   0x0000001a   Code   RO          662    i.ADC_DMAError      stm32f1xx_hal_adc.o
    0x08000d46   0x08000d46   0x0000000a   Code   RO          663    i.ADC_DMAHalfConvCplt  stm32f1xx_hal_adc.o
    0x08000d50   0x08000d50   0x0000007c   Code   RO          664    i.ADC_Enable        stm32f1xx_hal_adc.o
    0x08000dcc   0x08000dcc   0x00000002   Code   RO          495    i.BusFault_Handler  stm32f1xx_it.o
    0x08000dce   0x08000dce   0x00000002   PAD
    0x08000dd0   0x08000dd0   0x00000028   Code   RO         4680    i.Calculate_Heart_Rate_and_SpO2  max30102_app.o
    0x08000df8   0x08000df8   0x00000064   Code   RO         3847    i.DHT11_Check       dht11.o
    0x08000e5c   0x08000e5c   0x00000050   Code   RO         3848    i.DHT11_Init        dht11.o
    0x08000eac   0x08000eac   0x0000004c   Code   RO         3849    i.DHT11_Read_Bit    dht11.o
    0x08000ef8   0x08000ef8   0x0000001a   Code   RO         3850    i.DHT11_Read_Byte   dht11.o
    0x08000f12   0x08000f12   0x00000002   PAD
    0x08000f14   0x08000f14   0x00000052   Code   RO         3851    i.DHT11_Read_Data   dht11.o
    0x08000f66   0x08000f66   0x00000002   PAD
    0x08000f68   0x08000f68   0x0000003c   Code   RO         3852    i.DHT11_Rst         dht11.o
    0x08000fa4   0x08000fa4   0x0000000c   Code   RO          496    i.DMA1_Channel1_IRQHandler  stm32f1xx_it.o
    0x08000fb0   0x08000fb0   0x0000000c   Code   RO          497    i.DMA1_Channel6_IRQHandler  stm32f1xx_it.o
    0x08000fbc   0x08000fbc   0x0000002a   Code   RO         1316    i.DMA_SetConfig     stm32f1xx_hal_dma.o
    0x08000fe6   0x08000fe6   0x00000002   Code   RO          498    i.DebugMon_Handler  stm32f1xx_it.o
    0x08000fe8   0x08000fe8   0x00000030   Code   RO         3853    i.Delay_us          dht11.o
    0x08001018   0x08001018   0x00000004   Code   RO           13    i.Error_Handler     main.o
    0x0800101c   0x0800101c   0x00000002   Code   RO          842    i.HAL_ADCEx_InjectedConvCpltCallback  stm32f1xx_hal_adc_ex.o
    0x0800101e   0x0800101e   0x00000002   PAD
    0x08001020   0x08001020   0x000000fc   Code   RO          666    i.HAL_ADC_ConfigChannel  stm32f1xx_hal_adc.o
    0x0800111c   0x0800111c   0x00000002   Code   RO          667    i.HAL_ADC_ConvCpltCallback  stm32f1xx_hal_adc.o
    0x0800111e   0x0800111e   0x00000002   Code   RO          668    i.HAL_ADC_ConvHalfCpltCallback  stm32f1xx_hal_adc.o
    0x08001120   0x08001120   0x00000002   Code   RO          670    i.HAL_ADC_ErrorCallback  stm32f1xx_hal_adc.o
    0x08001122   0x08001122   0x000000dc   Code   RO          674    i.HAL_ADC_IRQHandler  stm32f1xx_hal_adc.o
    0x080011fe   0x080011fe   0x00000002   PAD
    0x08001200   0x08001200   0x0000011c   Code   RO          675    i.HAL_ADC_Init      stm32f1xx_hal_adc.o
    0x0800131c   0x0800131c   0x00000002   Code   RO          676    i.HAL_ADC_LevelOutOfWindowCallback  stm32f1xx_hal_adc.o
    0x0800131e   0x0800131e   0x00000002   PAD
    0x08001320   0x08001320   0x000000a0   Code   RO          271    i.HAL_ADC_MspInit   adc.o
    0x080013c0   0x080013c0   0x0000010c   Code   RO          682    i.HAL_ADC_Start_DMA  stm32f1xx_hal_adc.o
    0x080014cc   0x080014cc   0x00000046   Code   RO         1317    i.HAL_DMA_Abort     stm32f1xx_hal_dma.o
    0x08001512   0x08001512   0x00000002   PAD
    0x08001514   0x08001514   0x00000098   Code   RO         1318    i.HAL_DMA_Abort_IT  stm32f1xx_hal_dma.o
    0x080015ac   0x080015ac   0x00000154   Code   RO         1322    i.HAL_DMA_IRQHandler  stm32f1xx_hal_dma.o
    0x08001700   0x08001700   0x0000005c   Code   RO         1323    i.HAL_DMA_Init      stm32f1xx_hal_dma.o
    0x0800175c   0x0800175c   0x00000070   Code   RO         1327    i.HAL_DMA_Start_IT  stm32f1xx_hal_dma.o
    0x080017cc   0x080017cc   0x00000024   Code   RO          943    i.HAL_Delay         stm32f1xx_hal.o
    0x080017f0   0x080017f0   0x000001e0   Code   RO         1253    i.HAL_GPIO_Init     stm32f1xx_hal_gpio.o
    0x080019d0   0x080019d0   0x0000000a   Code   RO         1257    i.HAL_GPIO_WritePin  stm32f1xx_hal_gpio.o
    0x080019da   0x080019da   0x00000002   PAD
    0x080019dc   0x080019dc   0x0000000c   Code   RO          947    i.HAL_GetTick       stm32f1xx_hal.o
    0x080019e8   0x080019e8   0x00000188   Code   RO         1924    i.HAL_I2C_Init      stm32f1xx_hal_i2c.o
    0x08001b70   0x08001b70   0x00000250   Code   RO         1930    i.HAL_I2C_Master_Receive  stm32f1xx_hal_i2c.o
    0x08001dc0   0x08001dc0   0x0000012c   Code   RO         1937    i.HAL_I2C_Master_Transmit  stm32f1xx_hal_i2c.o
    0x08001eec   0x08001eec   0x0000025c   Code   RO         1942    i.HAL_I2C_Mem_Read  stm32f1xx_hal_i2c.o
    0x08002148   0x08002148   0x00000130   Code   RO         1945    i.HAL_I2C_Mem_Write  stm32f1xx_hal_i2c.o
    0x08002278   0x08002278   0x0000005c   Code   RO          337    i.HAL_I2C_MspInit   i2c.o
    0x080022d4   0x080022d4   0x00000010   Code   RO          953    i.HAL_IncTick       stm32f1xx_hal.o
    0x080022e4   0x080022e4   0x00000024   Code   RO          954    i.HAL_Init          stm32f1xx_hal.o
    0x08002308   0x08002308   0x00000040   Code   RO          955    i.HAL_InitTick      stm32f1xx_hal.o
    0x08002348   0x08002348   0x0000003c   Code   RO          600    i.HAL_MspInit       stm32f1xx_hal_msp.o
    0x08002384   0x08002384   0x0000001a   Code   RO         1413    i.HAL_NVIC_EnableIRQ  stm32f1xx_hal_cortex.o
    0x0800239e   0x0800239e   0x00000002   PAD
    0x080023a0   0x080023a0   0x00000040   Code   RO         1419    i.HAL_NVIC_SetPriority  stm32f1xx_hal_cortex.o
    0x080023e0   0x080023e0   0x00000024   Code   RO         1420    i.HAL_NVIC_SetPriorityGrouping  stm32f1xx_hal_cortex.o
    0x08002404   0x08002404   0x000000ec   Code   RO         1215    i.HAL_RCCEx_PeriphCLKConfig  stm32f1xx_hal_rcc_ex.o
    0x080024f0   0x080024f0   0x0000012c   Code   RO         1111    i.HAL_RCC_ClockConfig  stm32f1xx_hal_rcc.o
    0x0800261c   0x0800261c   0x00000020   Code   RO         1118    i.HAL_RCC_GetPCLK1Freq  stm32f1xx_hal_rcc.o
    0x0800263c   0x0800263c   0x00000020   Code   RO         1119    i.HAL_RCC_GetPCLK2Freq  stm32f1xx_hal_rcc.o
    0x0800265c   0x0800265c   0x0000004c   Code   RO         1120    i.HAL_RCC_GetSysClockFreq  stm32f1xx_hal_rcc.o
    0x080026a8   0x080026a8   0x00000320   Code   RO         1123    i.HAL_RCC_OscConfig  stm32f1xx_hal_rcc.o
    0x080029c8   0x080029c8   0x00000028   Code   RO         1424    i.HAL_SYSTICK_Config  stm32f1xx_hal_cortex.o
    0x080029f0   0x080029f0   0x00000068   Code   RO         3075    i.HAL_TIMEx_MasterConfigSynchronization  stm32f1xx_hal_tim_ex.o
    0x08002a58   0x08002a58   0x0000005a   Code   RO         2352    i.HAL_TIM_Base_Init  stm32f1xx_hal_tim.o
    0x08002ab2   0x08002ab2   0x00000002   PAD
    0x08002ab4   0x08002ab4   0x00000028   Code   RO          379    i.HAL_TIM_Base_MspInit  tim.o
    0x08002adc   0x08002adc   0x00000050   Code   RO         2355    i.HAL_TIM_Base_Start  stm32f1xx_hal_tim.o
    0x08002b2c   0x08002b2c   0x00000026   Code   RO         2358    i.HAL_TIM_Base_Stop  stm32f1xx_hal_tim.o
    0x08002b52   0x08002b52   0x000000dc   Code   RO         2361    i.HAL_TIM_ConfigClockSource  stm32f1xx_hal_tim.o
    0x08002c2e   0x08002c2e   0x00000002   Code   RO         3335    i.HAL_UARTEx_RxEventCallback  stm32f1xx_hal_uart.o
    0x08002c30   0x08002c30   0x00000002   Code   RO         3349    i.HAL_UART_ErrorCallback  stm32f1xx_hal_uart.o
    0x08002c32   0x08002c32   0x00000002   PAD
    0x08002c34   0x08002c34   0x0000026c   Code   RO         3352    i.HAL_UART_IRQHandler  stm32f1xx_hal_uart.o
    0x08002ea0   0x08002ea0   0x00000064   Code   RO         3353    i.HAL_UART_Init     stm32f1xx_hal_uart.o
    0x08002f04   0x08002f04   0x0000015c   Code   RO          421    i.HAL_UART_MspInit  usart.o
    0x08003060   0x08003060   0x0000001c   Code   RO         3358    i.HAL_UART_Receive_IT  stm32f1xx_hal_uart.o
    0x0800307c   0x0800307c   0x000000fc   Code   RO         4811    i.HAL_UART_RxCpltCallback  atgm336h.o
    0x08003178   0x08003178   0x000000a0   Code   RO         3361    i.HAL_UART_Transmit  stm32f1xx_hal_uart.o
    0x08003218   0x08003218   0x00000002   Code   RO         3364    i.HAL_UART_TxCpltCallback  stm32f1xx_hal_uart.o
    0x0800321a   0x0800321a   0x00000002   Code   RO          499    i.HardFault_Handler  stm32f1xx_it.o
    0x0800321c   0x0800321c   0x0000002e   Code   RO         1967    i.I2C_IsAcknowledgeFailed  stm32f1xx_hal_i2c.o
    0x0800324a   0x0800324a   0x00000002   PAD
    0x0800324c   0x0800324c   0x000000ec   Code   RO         1970    i.I2C_MasterRequestRead  stm32f1xx_hal_i2c.o
    0x08003338   0x08003338   0x0000009c   Code   RO         1971    i.I2C_MasterRequestWrite  stm32f1xx_hal_i2c.o
    0x080033d4   0x080033d4   0x000000fc   Code   RO         1977    i.I2C_RequestMemoryRead  stm32f1xx_hal_i2c.o
    0x080034d0   0x080034d0   0x000000a8   Code   RO         1978    i.I2C_RequestMemoryWrite  stm32f1xx_hal_i2c.o
    0x08003578   0x08003578   0x00000056   Code   RO         1982    i.I2C_WaitOnBTFFlagUntilTimeout  stm32f1xx_hal_i2c.o
    0x080035ce   0x080035ce   0x00000002   PAD
    0x080035d0   0x080035d0   0x00000090   Code   RO         1983    i.I2C_WaitOnFlagUntilTimeout  stm32f1xx_hal_i2c.o
    0x08003660   0x08003660   0x000000bc   Code   RO         1984    i.I2C_WaitOnMasterAddressFlagUntilTimeout  stm32f1xx_hal_i2c.o
    0x0800371c   0x0800371c   0x00000070   Code   RO         1985    i.I2C_WaitOnRXNEFlagUntilTimeout  stm32f1xx_hal_i2c.o
    0x0800378c   0x0800378c   0x00000056   Code   RO         1986    i.I2C_WaitOnTXEFlagUntilTimeout  stm32f1xx_hal_i2c.o
    0x080037e2   0x080037e2   0x00000002   PAD
    0x080037e4   0x080037e4   0x00000044   Code   RO         4681    i.LowPassFilter     max30102_app.o
    0x08003828   0x08003828   0x0000002c   Code   RO         4508    i.MAX30102_IIC_Ack  myiic.o
    0x08003854   0x08003854   0x00000048   Code   RO         4509    i.MAX30102_IIC_Init  myiic.o
    0x0800389c   0x0800389c   0x0000002c   Code   RO         4510    i.MAX30102_IIC_NAck  myiic.o
    0x080038c8   0x080038c8   0x0000005c   Code   RO         4512    i.MAX30102_IIC_Read_Byte  myiic.o
    0x08003924   0x08003924   0x00000024   Code   RO         4514    i.MAX30102_IIC_SDA_IN  myiic.o
    0x08003948   0x08003948   0x00000020   Code   RO         4515    i.MAX30102_IIC_SDA_OUT  myiic.o
    0x08003968   0x08003968   0x0000004c   Code   RO         4516    i.MAX30102_IIC_Send_Byte  myiic.o
    0x080039b4   0x080039b4   0x00000030   Code   RO         4517    i.MAX30102_IIC_Start  myiic.o
    0x080039e4   0x080039e4   0x00000030   Code   RO         4518    i.MAX30102_IIC_Stop  myiic.o
    0x08003a14   0x08003a14   0x00000044   Code   RO         4519    i.MAX30102_IIC_Wait_Ack  myiic.o
    0x08003a58   0x08003a58   0x00000094   Code   RO         4609    i.MAX30102_Init     max30102.o
    0x08003aec   0x08003aec   0x0000009c   Code   RO         4682    i.MAX30102_Read_Data  max30102_app.o
    0x08003b88   0x08003b88   0x00000016   Code   RO         4610    i.MAX30102_Reset    max30102.o
    0x08003b9e   0x08003b9e   0x00000032   Code   RO         4423    i.MPU_Get_Accelerometer  mpu6050.o
    0x08003bd0   0x08003bd0   0x00000032   Code   RO         4424    i.MPU_Get_Gyroscope  mpu6050.o
    0x08003c02   0x08003c02   0x0000002e   Code   RO         4426    i.MPU_Init          mpu6050.o
    0x08003c30   0x08003c30   0x0000003c   Code   RO         4428    i.MPU_Read_Len      mpu6050.o
    0x08003c6c   0x08003c6c   0x00000028   Code   RO         4429    i.MPU_Write_Byte    mpu6050.o
    0x08003c94   0x08003c94   0x0000004c   Code   RO          272    i.MX_ADC1_Init      adc.o
    0x08003ce0   0x08003ce0   0x0000003c   Code   RO          312    i.MX_DMA_Init       dma.o
    0x08003d1c   0x08003d1c   0x000000ac   Code   RO          246    i.MX_GPIO_Init      gpio.o
    0x08003dc8   0x08003dc8   0x00000040   Code   RO          338    i.MX_I2C1_Init      i2c.o
    0x08003e08   0x08003e08   0x00000068   Code   RO          380    i.MX_TIM1_Init      tim.o
    0x08003e70   0x08003e70   0x00000040   Code   RO          422    i.MX_USART1_UART_Init  usart.o
    0x08003eb0   0x08003eb0   0x00000038   Code   RO          423    i.MX_USART2_UART_Init  usart.o
    0x08003ee8   0x08003ee8   0x00000038   Code   RO          424    i.MX_USART3_UART_Init  usart.o
    0x08003f20   0x08003f20   0x00000002   Code   RO          500    i.MemManage_Handler  stm32f1xx_it.o
    0x08003f22   0x08003f22   0x00000002   Code   RO          501    i.NMI_Handler       stm32f1xx_it.o
    0x08003f24   0x08003f24   0x00000002   Code   RO          502    i.PendSV_Handler    stm32f1xx_it.o
    0x08003f26   0x08003f26   0x00000002   PAD
    0x08003f28   0x08003f28   0x00000024   Code   RO         4683    i.Process_And_Display_Data  max30102_app.o
    0x08003f4c   0x08003f4c   0x00000002   Code   RO          503    i.SVC_Handler       stm32f1xx_it.o
    0x08003f4e   0x08003f4e   0x0000002e   Code   RO         4684    i.SmoothData        max30102_app.o
    0x08003f7c   0x08003f7c   0x00000004   Code   RO          504    i.SysTick_Handler   stm32f1xx_it.o
    0x08003f80   0x08003f80   0x00000078   Code   RO           14    i.SystemClock_Config  main.o
    0x08003ff8   0x08003ff8   0x00000002   Code   RO         3687    i.SystemInit        system_stm32f1xx.o
    0x08003ffa   0x08003ffa   0x00000002   PAD
    0x08003ffc   0x08003ffc   0x00000078   Code   RO         2445    i.TIM_Base_SetConfig  stm32f1xx_hal_tim.o
    0x08004074   0x08004074   0x00000014   Code   RO         2456    i.TIM_ETR_SetConfig  stm32f1xx_hal_tim.o
    0x08004088   0x08004088   0x00000010   Code   RO         2457    i.TIM_ITRx_SetConfig  stm32f1xx_hal_tim.o
    0x08004098   0x08004098   0x00000022   Code   RO         2463    i.TIM_TI1_ConfigInputStage  stm32f1xx_hal_tim.o
    0x080040ba   0x080040ba   0x00000024   Code   RO         2465    i.TIM_TI2_ConfigInputStage  stm32f1xx_hal_tim.o
    0x080040de   0x080040de   0x00000010   Code   RO         3366    i.UART_DMAAbortOnError  stm32f1xx_hal_uart.o
    0x080040ee   0x080040ee   0x0000004e   Code   RO         3376    i.UART_EndRxTransfer  stm32f1xx_hal_uart.o
    0x0800413c   0x0800413c   0x000000c2   Code   RO         3378    i.UART_Receive_IT   stm32f1xx_hal_uart.o
    0x080041fe   0x080041fe   0x00000002   PAD
    0x08004200   0x08004200   0x000000b8   Code   RO         3379    i.UART_SetConfig    stm32f1xx_hal_uart.o
    0x080042b8   0x080042b8   0x00000036   Code   RO         3381    i.UART_Start_Receive_IT  stm32f1xx_hal_uart.o
    0x080042ee   0x080042ee   0x00000072   Code   RO         3382    i.UART_WaitOnFlagUntilTimeout  stm32f1xx_hal_uart.o
    0x08004360   0x08004360   0x0000000c   Code   RO          505    i.USART1_IRQHandler  stm32f1xx_it.o
    0x0800436c   0x0800436c   0x0000000c   Code   RO          506    i.USART3_IRQHandler  stm32f1xx_it.o
    0x08004378   0x08004378   0x0000009c   Code   RO         4685    i.Update_Signal_Min_Max  max30102_app.o
    0x08004414   0x08004414   0x00000002   Code   RO          507    i.UsageFault_Handler  stm32f1xx_it.o
    0x08004416   0x08004416   0x00000002   PAD
    0x08004418   0x08004418   0x00000028   Code   RO         5324    i.__0sprintf        mc_w.l(printfa.o)
    0x08004440   0x08004440   0x00000034   Code   RO         5327    i.__0vsnprintf      mc_w.l(printfa.o)
    0x08004474   0x08004474   0x00000028   Code   RO         5436    i.__ARM_fpclassify  m_ws.l(fpclassify.o)
    0x0800449c   0x0800449c   0x00000020   Code   RO         1426    i.__NVIC_SetPriority  stm32f1xx_hal_cortex.o
    0x080044bc   0x080044bc   0x000000aa   Code   RO         5438    i.__kernel_poly     m_ws.l(poly.o)
    0x08004566   0x08004566   0x00000002   PAD
    0x08004568   0x08004568   0x00000010   Code   RO         5422    i.__mathlib_dbl_divzero  m_ws.l(dunder.o)
    0x08004578   0x08004578   0x00000006   Code   RO         5423    i.__mathlib_dbl_infnan  m_ws.l(dunder.o)
    0x0800457e   0x0800457e   0x00000004   Code   RO         5424    i.__mathlib_dbl_infnan2  m_ws.l(dunder.o)
    0x08004582   0x08004582   0x0000000c   Code   RO         5425    i.__mathlib_dbl_invalid  m_ws.l(dunder.o)
    0x0800458e   0x0800458e   0x0000000e   Code   RO         5426    i.__mathlib_dbl_overflow  m_ws.l(dunder.o)
    0x0800459c   0x0800459c   0x00000010   Code   RO         5428    i.__mathlib_dbl_underflow  m_ws.l(dunder.o)
    0x080045ac   0x080045ac   0x0000000e   Code   RO         5498    i.__scatterload_copy  mc_w.l(handlers.o)
    0x080045ba   0x080045ba   0x00000002   Code   RO         5499    i.__scatterload_null  mc_w.l(handlers.o)
    0x080045bc   0x080045bc   0x0000000e   Code   RO         5500    i.__scatterload_zeroinit  mc_w.l(handlers.o)
    0x080045ca   0x080045ca   0x00000002   PAD
    0x080045cc   0x080045cc   0x0000000c   Code   RO         5472    i.__set_errno       mc_w.l(errno.o)
    0x080045d8   0x080045d8   0x00000184   Code   RO         5329    i._fp_digits        mc_w.l(printfa.o)
    0x0800475c   0x0800475c   0x000006b4   Code   RO         5330    i._printf_core      mc_w.l(printfa.o)
    0x08004e10   0x08004e10   0x00000024   Code   RO         5331    i._printf_post_padding  mc_w.l(printfa.o)
    0x08004e34   0x08004e34   0x0000002e   Code   RO         5332    i._printf_pre_padding  mc_w.l(printfa.o)
    0x08004e62   0x08004e62   0x00000016   Code   RO         5333    i._snputc           mc_w.l(printfa.o)
    0x08004e78   0x08004e78   0x0000000a   Code   RO         5334    i._sputc            mc_w.l(printfa.o)
    0x08004e82   0x08004e82   0x00000002   PAD
    0x08004e84   0x08004e84   0x00000080   Code   RO         3920    i.accel_self_test   inv_mpu.o
    0x08004f04   0x08004f04   0x00000270   Code   RO         5027    i.asin              m_ws.l(asin.o)
    0x08005174   0x08005174   0x00000220   Code   RO         5413    i.atan              m_ws.l(atan.o)
    0x08005394   0x08005394   0x0000019c   Code   RO         5037    i.atan2             m_ws.l(atan2.o)
    0x08005530   0x08005530   0x0000000c   Code   RO         3854    i.dht11_task        dht11.o
    0x0800553c   0x0800553c   0x0000003a   Code   RO         4244    i.dmp_enable_6x_lp_quat  inv_mpu_dmp_motion_driver.o
    0x08005576   0x08005576   0x00000002   PAD
    0x08005578   0x08005578   0x000001d8   Code   RO         4245    i.dmp_enable_feature  inv_mpu_dmp_motion_driver.o
    0x08005750   0x08005750   0x0000003c   Code   RO         4246    i.dmp_enable_gyro_cal  inv_mpu_dmp_motion_driver.o
    0x0800578c   0x0800578c   0x0000003a   Code   RO         4247    i.dmp_enable_lp_quat  inv_mpu_dmp_motion_driver.o
    0x080057c6   0x080057c6   0x00000002   PAD
    0x080057c8   0x080057c8   0x00000014   Code   RO         4252    i.dmp_load_motion_driver_firmware  inv_mpu_dmp_motion_driver.o
    0x080057dc   0x080057dc   0x00000168   Code   RO         4253    i.dmp_read_fifo     inv_mpu_dmp_motion_driver.o
    0x08005944   0x08005944   0x000000d8   Code   RO         4256    i.dmp_set_accel_bias  inv_mpu_dmp_motion_driver.o
    0x08005a1c   0x08005a1c   0x00000064   Code   RO         4257    i.dmp_set_fifo_rate  inv_mpu_dmp_motion_driver.o
    0x08005a80   0x08005a80   0x000000cc   Code   RO         4258    i.dmp_set_gyro_bias  inv_mpu_dmp_motion_driver.o
    0x08005b4c   0x08005b4c   0x0000010c   Code   RO         4260    i.dmp_set_orientation  inv_mpu_dmp_motion_driver.o
    0x08005c58   0x08005c58   0x00000030   Code   RO         4263    i.dmp_set_shake_reject_thresh  inv_mpu_dmp_motion_driver.o
    0x08005c88   0x08005c88   0x00000020   Code   RO         4264    i.dmp_set_shake_reject_time  inv_mpu_dmp_motion_driver.o
    0x08005ca8   0x08005ca8   0x00000020   Code   RO         4265    i.dmp_set_shake_reject_timeout  inv_mpu_dmp_motion_driver.o
    0x08005cc8   0x08005cc8   0x00000040   Code   RO         4266    i.dmp_set_tap_axes  inv_mpu_dmp_motion_driver.o
    0x08005d08   0x08005d08   0x00000022   Code   RO         4267    i.dmp_set_tap_count  inv_mpu_dmp_motion_driver.o
    0x08005d2a   0x08005d2a   0x00000002   PAD
    0x08005d2c   0x08005d2c   0x00000128   Code   RO         4268    i.dmp_set_tap_thresh  inv_mpu_dmp_motion_driver.o
    0x08005e54   0x08005e54   0x00000020   Code   RO         4269    i.dmp_set_tap_time  inv_mpu_dmp_motion_driver.o
    0x08005e74   0x08005e74   0x00000020   Code   RO         4270    i.dmp_set_tap_time_multi  inv_mpu_dmp_motion_driver.o
    0x08005e94   0x08005e94   0x000000f4   Code   RO         4931    i.esp_init          esp01s.o
    0x08005f88   0x08005f88   0x00000114   Code   RO         4932    i.esp_process_cmd   esp01s.o
    0x0800609c   0x0800609c   0x00000090   Code   RO         4933    i.esp_reconnect_tcp  esp01s.o
    0x0800612c   0x0800612c   0x00000088   Code   RO         4934    i.esp_report1       esp01s.o
    0x080061b4   0x080061b4   0x00000048   Code   RO         4935    i.esp_report2       esp01s.o
    0x080061fc   0x080061fc   0x0000005c   Code   RO         4936    i.esp_tcp_send      esp01s.o
    0x08006258   0x08006258   0x000000c0   Code   RO         3921    i.get_accel_prod_shift  inv_mpu.o
    0x08006318   0x08006318   0x000003f4   Code   RO         3922    i.get_st_biases     inv_mpu.o
    0x0800670c   0x0800670c   0x000000e4   Code   RO         3923    i.gyro_self_test    inv_mpu.o
    0x080067f0   0x080067f0   0x00000022   Code   RO         3924    i.inv_orientation_matrix_to_scalar  inv_mpu.o
    0x08006812   0x08006812   0x00000048   Code   RO         3925    i.inv_row_2_scale   inv_mpu.o
    0x0800685a   0x0800685a   0x00000002   PAD
    0x0800685c   0x0800685c   0x0000005c   Code   RO           15    i.main              main.o
    0x080068b8   0x080068b8   0x0000004c   Code   RO         4611    i.max30102_Bus_Read  max30102.o
    0x08006904   0x08006904   0x0000003e   Code   RO         4612    i.max30102_Bus_Write  max30102.o
    0x08006942   0x08006942   0x0000007a   Code   RO         4613    i.max30102_FIFO_ReadBytes  max30102.o
    0x080069bc   0x080069bc   0x0000005c   Code   RO         4686    i.max30102_task     max30102_app.o
    0x08006a18   0x08006a18   0x00000032   Code   RO         4753    i.maxim_find_peaks  algorithm.o
    0x08006a4a   0x08006a4a   0x00000002   PAD
    0x08006a4c   0x08006a4c   0x000003c4   Code   RO         4754    i.maxim_heart_rate_and_oxygen_saturation  algorithm.o
    0x08006e10   0x08006e10   0x0000006a   Code   RO         4755    i.maxim_peaks_above_min_height  algorithm.o
    0x08006e7a   0x08006e7a   0x00000002   PAD
    0x08006e7c   0x08006e7c   0x0000006c   Code   RO         4756    i.maxim_remove_close_peaks  algorithm.o
    0x08006ee8   0x08006ee8   0x00000032   Code   RO         4757    i.maxim_sort_ascend  algorithm.o
    0x08006f1a   0x08006f1a   0x00000002   PAD
    0x08006f1c   0x08006f1c   0x0000003a   Code   RO         4758    i.maxim_sort_indices_descend  algorithm.o
    0x08006f56   0x08006f56   0x00000002   PAD
    0x08006f58   0x08006f58   0x000000fc   Code   RO         4431    i.mpu6050_task      mpu6050.o
    0x08007054   0x08007054   0x00000054   Code   RO         3926    i.mpu_configure_fifo  inv_mpu.o
    0x080070a8   0x080070a8   0x0000019c   Code   RO         3927    i.mpu_dmp_get_data  inv_mpu.o
    0x08007244   0x08007244   0x000000a0   Code   RO         3928    i.mpu_dmp_init      inv_mpu.o
    0x080072e4   0x080072e4   0x0000003c   Code   RO         3929    i.mpu_get_accel_fsr  inv_mpu.o
    0x08007320   0x08007320   0x00000044   Code   RO         3931    i.mpu_get_accel_sens  inv_mpu.o
    0x08007364   0x08007364   0x00000034   Code   RO         3937    i.mpu_get_gyro_fsr  inv_mpu.o
    0x08007398   0x08007398   0x00000040   Code   RO         3939    i.mpu_get_gyro_sens  inv_mpu.o
    0x080073d8   0x080073d8   0x00000038   Code   RO         3941    i.mpu_get_lpf       inv_mpu.o
    0x08007410   0x08007410   0x0000001c   Code   RO         3943    i.mpu_get_sample_rate  inv_mpu.o
    0x0800742c   0x0800742c   0x00000158   Code   RO         3945    i.mpu_init          inv_mpu.o
    0x08007584   0x08007584   0x000000b0   Code   RO         3946    i.mpu_load_firmware  inv_mpu.o
    0x08007634   0x08007634   0x000000d4   Code   RO         3947    i.mpu_lp_accel_mode  inv_mpu.o
    0x08007708   0x08007708   0x000000c0   Code   RO         3950    i.mpu_read_fifo_stream  inv_mpu.o
    0x080077c8   0x080077c8   0x00000074   Code   RO         3951    i.mpu_read_mem      inv_mpu.o
    0x0800783c   0x0800783c   0x000001c0   Code   RO         3954    i.mpu_reset_fifo    inv_mpu.o
    0x080079fc   0x080079fc   0x000000f0   Code   RO         3955    i.mpu_run_self_test  inv_mpu.o
    0x08007aec   0x08007aec   0x00000078   Code   RO         3957    i.mpu_set_accel_fsr  inv_mpu.o
    0x08007b64   0x08007b64   0x00000138   Code   RO         3958    i.mpu_set_bypass    inv_mpu.o
    0x08007c9c   0x08007c9c   0x00000094   Code   RO         3960    i.mpu_set_dmp_state  inv_mpu.o
    0x08007d30   0x08007d30   0x00000080   Code   RO         3961    i.mpu_set_gyro_fsr  inv_mpu.o
    0x08007db0   0x08007db0   0x00000074   Code   RO         3962    i.mpu_set_int_latched  inv_mpu.o
    0x08007e24   0x08007e24   0x00000080   Code   RO         3964    i.mpu_set_lpf       inv_mpu.o
    0x08007ea4   0x08007ea4   0x00000098   Code   RO         3965    i.mpu_set_sample_rate  inv_mpu.o
    0x08007f3c   0x08007f3c   0x000000dc   Code   RO         3966    i.mpu_set_sensors   inv_mpu.o
    0x08008018   0x08008018   0x00000074   Code   RO         3967    i.mpu_write_mem     inv_mpu.o
    0x0800808c   0x0800808c   0x000000c4   Code   RO         3815    i.mq2_task          mq2.o
    0x08008150   0x08008150   0x00000032   Code   RO          425    i.my_printf         usart.o
    0x08008182   0x08008182   0x00000002   PAD
    0x08008184   0x08008184   0x000000e4   Code   RO         4937    i.parse_and_apply_cmd  esp01s.o
    0x08008268   0x08008268   0x000009d8   Code   RO         5045    i.pow               m_ws.l(pow.o)
    0x08008c40   0x08008c40   0x00000088   Code   RO         4992    i.process_asr_data  sensor.o
    0x08008cc8   0x08008cc8   0x00000080   Code   RO         3968    i.run_self_test     inv_mpu.o
    0x08008d48   0x08008d48   0x0000000c   Code   RO         3724    i.scheduler_init    scheduler.o
    0x08008d54   0x08008d54   0x0000003c   Code   RO         3725    i.scheduler_run     scheduler.o
    0x08008d90   0x08008d90   0x00000094   Code   RO         4993    i.send_flag_to_asr  sensor.o
    0x08008e24   0x08008e24   0x0000007c   Code   RO         3969    i.set_int_enable    inv_mpu.o
    0x08008ea0   0x08008ea0   0x0000004c   Code   RO         5055    i.sqrt              m_ws.l(sqrt.o)
    0x08008eec   0x08008eec   0x00000012   Data   RO         1124    .constdata          stm32f1xx_hal_rcc.o
    0x08008efe   0x08008efe   0x00000010   Data   RO         3688    .constdata          system_stm32f1xx.o
    0x08008f0e   0x08008f0e   0x00000008   Data   RO         3689    .constdata          system_stm32f1xx.o
    0x08008f16   0x08008f16   0x0000001e   Data   RO         3970    .constdata          inv_mpu.o
    0x08008f34   0x08008f34   0x0000000c   Data   RO         3971    .constdata          inv_mpu.o
    0x08008f40   0x08008f40   0x00000028   Data   RO         3972    .constdata          inv_mpu.o
    0x08008f68   0x08008f68   0x00000bf6   Data   RO         4272    .constdata          inv_mpu_dmp_motion_driver.o
    0x08009b5e   0x08009b5e   0x000000f6   Data   RO         4760    .constdata          algorithm.o
    0x08009c54   0x08009c54   0x00000004   PAD
    0x08009c58   0x08009c58   0x00000050   Data   RO         5028    .constdata          m_ws.l(asin.o)
    0x08009ca8   0x08009ca8   0x00000088   Data   RO         5046    .constdata          m_ws.l(pow.o)
    0x08009d30   0x08009d30   0x00000098   Data   RO         5414    .constdata          m_ws.l(atan.o)
    0x08009dc8   0x08009dc8   0x00000008   Data   RO         5440    .constdata          m_ws.l(qnan.o)
    0x08009dd0   0x08009dd0   0x00000093   Data   RO         4939    .conststring        esp01s.o
    0x08009e63   0x08009e63   0x00000001   PAD
    0x08009e64   0x08009e64   0x00000020   Data   RO         5496    Region$$Table       anon$$obj.o


    Execution Region RW_IRAM1 (Exec base: 0x20000000, Load base: 0x08009e84, Size: 0x00003300, Max: 0x00005000, ABSOLUTE, COMPRESSED[0x00000080])

    Exec Addr    Load Addr    Size         Type   Attr      Idx    E Section Name        Object

    0x20000000   COMPRESSED   0x00000002   Data   RW          428    .data               usart.o
    0x20000002   COMPRESSED   0x00000002   PAD
    0x20000004   COMPRESSED   0x00000004   Data   RW          429    .data               usart.o
    0x20000008   COMPRESSED   0x0000000c   Data   RW          961    .data               stm32f1xx_hal.o
    0x20000014   COMPRESSED   0x00000004   Data   RW         3690    .data               system_stm32f1xx.o
    0x20000018   COMPRESSED   0x00000070   Data   RW         3726    .data               scheduler.o
    0x20000088   COMPRESSED   0x0000001c   Data   RW         3817    .data               mq2.o
    0x200000a4   COMPRESSED   0x00000002   Data   RW         3855    .data               dht11.o
    0x200000a6   COMPRESSED   0x00000002   PAD
    0x200000a8   COMPRESSED   0x00000035   Data   RW         3973    .data               inv_mpu.o
    0x200000dd   COMPRESSED   0x00000003   PAD
    0x200000e0   COMPRESSED   0x00000020   Data   RW         4435    .data               mpu6050.o
    0x20000100   COMPRESSED   0x00000001   Data   RW         4436    .data               mpu6050.o
    0x20000101   COMPRESSED   0x00000003   PAD
    0x20000104   COMPRESSED   0x00000fd0   Data   RW         4688    .data               max30102_app.o
    0x200010d4   COMPRESSED   0x00000014   Data   RW         4819    .data               atgm336h.o
    0x200010e8   COMPRESSED   0x00000001   Data   RW         4940    .data               esp01s.o
    0x200010e9   COMPRESSED   0x00000003   Data   RW         4994    .data               sensor.o
    0x200010ec   COMPRESSED   0x00000004   Data   RW         5473    .data               mc_w.l(errno.o)
    0x200010f0        -       0x00000074   Zero   RW          273    .bss                adc.o
    0x20001164        -       0x00000054   Zero   RW          339    .bss                i2c.o
    0x200011b8        -       0x00000048   Zero   RW          381    .bss                tim.o
    0x20001200        -       0x00000128   Zero   RW          426    .bss                usart.o
    0x20001328        -       0x00000078   Zero   RW         3816    .bss                mq2.o
    0x200013a0        -       0x00000010   Zero   RW         4271    .bss                inv_mpu_dmp_motion_driver.o
    0x200013b0        -       0x000000a0   Zero   RW         4687    .bss                max30102_app.o
    0x20001450        -       0x00001760   Zero   RW         4759    .bss                algorithm.o
    0x20002bb0        -       0x0000024d   Zero   RW         4818    .bss                atgm336h.o
    0x20002dfd        -       0x00000100   Zero   RW         4938    .bss                esp01s.o
    0x20002efd   COMPRESSED   0x00000003   PAD
    0x20002f00        -       0x00000400   Zero   RW            1    STACK               startup_stm32f103xb.o


==============================================================================

Image component sizes


      Code (inc. data)   RO Data    RW Data    ZI Data      Debug   Object Name

       236         28          0          0        116       1735   adc.o
      1336         20        246          0       5984       7497   algorithm.o
       252         54          0         20        589       2582   atgm336h.o
       484         40          0          2          0       4848   dht11.o
        60          4          0          0          0        758   dma.o
      1192        426        147          1        256       4425   esp01s.o
       172         14          0          0          0        923   gpio.o
       156         26          0          0         84       1613   i2c.o
      6070        288         82         53          0      29910   inv_mpu.o
      2386        118       3062          0         16      18966   inv_mpu_dmp_motion_driver.o
       216         10          0          0          0     456764   main.o
       430          8          0          0          0       3428   max30102.o
       594         52          0       4048        160       5666   max30102_app.o
       498         18          0         33          0       4624   mpu6050.o
       196         44          0         28        120       1230   mq2.o
       560         56          0          0          0       5521   myiic.o
        72          8          0        112          0       2560   scheduler.o
       284        106          0          3          0       1402   sensor.o
        36          8        236          0       1024        800   startup_stm32f103xb.o
       164         28          0         12          0       5869   stm32f1xx_hal.o
      1356         56          0          0          0       9838   stm32f1xx_hal_adc.o
         2          0          0          0          0       1049   stm32f1xx_hal_adc_ex.o
       198         14          0          0          0      28911   stm32f1xx_hal_cortex.o
       808         36          0          0          0       4958   stm32f1xx_hal_dma.o
       490         34          0          0          0       2880   stm32f1xx_hal_gpio.o
      3666         94          0          0          0      17597   stm32f1xx_hal_i2c.o
        60          8          0          0          0        866   stm32f1xx_hal_msp.o
      1240         84         18          0          0       5088   stm32f1xx_hal_rcc.o
       236         12          0          0          0       1372   stm32f1xx_hal_rcc_ex.o
       654         26          0          0          0       7268   stm32f1xx_hal_tim.o
       104         12          0          0          0       1348   stm32f1xx_hal_tim_ex.o
      1554         10          0          0          0      10900   stm32f1xx_hal_uart.o
        80         30          0          0          0       6012   stm32f1xx_it.o
         2          0         24          4          0       1107   system_stm32f1xx.o
       144         18          0          0         72       1610   tim.o
       574         56          0          6        296       5845   usart.o

    ----------------------------------------------------------------------
     26616       1846       3852       4332       8720     667770   Object Totals
         0          0         32          0          0          0   (incl. Generated)
        54          0          5         10          3          0   (incl. Padding)

    ----------------------------------------------------------------------

      Code (inc. data)   RO Data    RW Data    ZI Data      Debug   Library Member Name

       624         52         80          0          0        168   asin.o
       544         70        152          0          0        124   atan.o
       412         38          0          0          0        144   atan2.o
        68         10          0          0          0        408   dunder.o
        40          0          0          0          0         68   fpclassify.o
       170          0          0          0          0         96   poly.o
      2520        190        136          0          0        324   pow.o
         0          0          8          0          0          0   qnan.o
        76          0          0          0          0         84   sqrt.o
        86          0          0          0          0          0   __dczerorl2.o
         0          0          0          0          0          0   entry.o
         0          0          0          0          0          0   entry10a.o
         0          0          0          0          0          0   entry11a.o
         4          0          0          0          0          0   entry12b.o
         8          4          0          0          0          0   entry2.o
         4          0          0          0          0          0   entry5.o
         0          0          0          0          0          0   entry7b.o
         0          0          0          0          0          0   entry8b.o
         8          4          0          0          0          0   entry9a.o
        12          6          0          4          0         68   errno.o
        30          0          0          0          0          0   handlers.o
        36          8          0          0          0         68   init.o
         0          0          0          0          0          0   iusefp.o
        98          0          0          0          0         84   ldiv.o
        30          0          0          0          0         68   llshl.o
        36          0          0          0          0         68   llsshr.o
        32          0          0          0          0         68   llushr.o
        26          0          0          0          0         80   memcmp.o
        64          0          0          0          0         76   memmovea.o
        36          0          0          0          0        108   memseta.o
      2310         92          0          0          0        680   printfa.o
        20          0          0          0          0         68   strchr.o
        28          0          0          0          0         76   strcmp.o
        14          0          0          0          0         68   strlen.o
        36          0          0          0          0         80   strstr.o
        44          0          0          0          0         80   uidiv.o
        98          0          0          0          0         92   uldiv.o
        48          0          0          0          0         68   cdcmple.o
        48          0          0          0          0         68   cdrcmple.o
        56          0          0          0          0         88   d2f.o
       334          0          0          0          0        148   dadd.o
       222          0          0          0          0        100   ddiv.o
       186          0          0          0          0        176   depilogue.o
        62          0          0          0          0         80   dfixi.o
        50          0          0          0          0         76   dfixui.o
        48          0          0          0          0         68   dfixul.o
        34          0          0          0          0         76   dflti.o
       228          0          0          0          0         96   dmul.o
        46          0          0          0          0         80   dscalb.o
       162          0          0          0          0        100   dsqrt.o
        38          0          0          0          0         68   f2d.o
       176          0          0          0          0        140   fadd.o
       124          0          0          0          0         88   fdiv.o
       110          0          0          0          0        168   fepilogue.o
        50          0          0          0          0         68   ffixi.o
        40          0          0          0          0         68   ffixui.o
        18          0          0          0          0         68   fflti.o
        10          0          0          0          0         68   ffltui.o
       100          0          0          0          0         76   fmul.o
        24          0          0          0          0         68   fscalb.o

    ----------------------------------------------------------------------
      9736        474        376          4          0       5352   Library Totals
         8          0          0          0          0          0   (incl. Padding)

    ----------------------------------------------------------------------

      Code (inc. data)   RO Data    RW Data    ZI Data      Debug   Library Name

      4454        360        376          0          0       1416   m_ws.l
      3060        114          0          4          0       1832   mc_w.l
      2214          0          0          0          0       2104   mf_w.l

    ----------------------------------------------------------------------
      9736        474        376          4          0       5352   Library Totals

    ----------------------------------------------------------------------

==============================================================================


      Code (inc. data)   RO Data    RW Data    ZI Data      Debug   

     36352       2320       4228       4336       8720     659418   Grand Totals
     36352       2320       4228        128       8720     659418   ELF Image Totals (compressed)
     36352       2320       4228        128          0          0   ROM Totals

==============================================================================

    Total RO  Size (Code + RO Data)                40580 (  39.63kB)
    Total RW  Size (RW Data + ZI Data)             13056 (  12.75kB)
    Total ROM Size (Code + RO Data + RW Data)      40708 (  39.75kB)

==============================================================================

